Component: ARM Compiler 5.06 update 1 (build 61) Tool: armlink [4d35a8]

==============================================================================

Section Cross References

    stmpe1600.o(i.stmpe1600_DisableGlobalIT) refers to stm324x9i_eval.o(i.IOE_ReadMultiple) for IOE_ReadMultiple
    stmpe1600.o(i.stmpe1600_DisableGlobalIT) refers to stm324x9i_eval.o(i.IOE_WriteMultiple) for IOE_WriteMultiple
    stmpe1600.o(i.stmpe1600_DisableGlobalIT) refers to stmpe1600.o(.data) for .data
    stmpe1600.o(i.stmpe1600_EnableGlobalIT) refers to stm324x9i_eval.o(i.IOE_ITConfig) for IOE_ITConfig
    stmpe1600.o(i.stmpe1600_EnableGlobalIT) refers to stm324x9i_eval.o(i.IOE_ReadMultiple) for IOE_ReadMultiple
    stmpe1600.o(i.stmpe1600_EnableGlobalIT) refers to stm324x9i_eval.o(i.IOE_WriteMultiple) for IOE_WriteMultiple
    stmpe1600.o(i.stmpe1600_EnableGlobalIT) refers to stmpe1600.o(.data) for .data
    stmpe1600.o(i.stmpe1600_GetInstance) refers to stmpe1600.o(.data) for .data
    stmpe1600.o(i.stmpe1600_IO_ClearIT) refers to stm324x9i_eval.o(i.IOE_ReadMultiple) for IOE_ReadMultiple
    stmpe1600.o(i.stmpe1600_IO_Config) refers to stmpe1600.o(i.stmpe1600_SetITPolarity) for stmpe1600_SetITPolarity
    stmpe1600.o(i.stmpe1600_IO_Config) refers to stmpe1600.o(i.stmpe1600_IO_EnablePinIT) for stmpe1600_IO_EnablePinIT
    stmpe1600.o(i.stmpe1600_IO_Config) refers to stmpe1600.o(i.stmpe1600_IO_InitPin) for stmpe1600_IO_InitPin
    stmpe1600.o(i.stmpe1600_IO_Config) refers to stmpe1600.o(i.stmpe1600_IO_ClearIT) for stmpe1600_IO_ClearIT
    stmpe1600.o(i.stmpe1600_IO_Config) refers to stm324x9i_eval.o(i.IOE_ReadMultiple) for IOE_ReadMultiple
    stmpe1600.o(i.stmpe1600_IO_Config) refers to stmpe1600.o(i.stmpe1600_IO_DisablePinIT) for stmpe1600_IO_DisablePinIT
    stmpe1600.o(i.stmpe1600_IO_DisablePinIT) refers to stm324x9i_eval.o(i.IOE_ReadMultiple) for IOE_ReadMultiple
    stmpe1600.o(i.stmpe1600_IO_DisablePinIT) refers to stm324x9i_eval.o(i.IOE_WriteMultiple) for IOE_WriteMultiple
    stmpe1600.o(i.stmpe1600_IO_DisablePinIT) refers to stmpe1600.o(.data) for .data
    stmpe1600.o(i.stmpe1600_IO_EnablePinIT) refers to stmpe1600.o(i.stmpe1600_EnableGlobalIT) for stmpe1600_EnableGlobalIT
    stmpe1600.o(i.stmpe1600_IO_EnablePinIT) refers to stm324x9i_eval.o(i.IOE_ReadMultiple) for IOE_ReadMultiple
    stmpe1600.o(i.stmpe1600_IO_EnablePinIT) refers to stm324x9i_eval.o(i.IOE_WriteMultiple) for IOE_WriteMultiple
    stmpe1600.o(i.stmpe1600_IO_EnablePinIT) refers to stmpe1600.o(.data) for .data
    stmpe1600.o(i.stmpe1600_IO_ITStatus) refers to stm324x9i_eval.o(i.IOE_ReadMultiple) for IOE_ReadMultiple
    stmpe1600.o(i.stmpe1600_IO_ITStatus) refers to stmpe1600.o(.data) for .data
    stmpe1600.o(i.stmpe1600_IO_InitPin) refers to stm324x9i_eval.o(i.IOE_ReadMultiple) for IOE_ReadMultiple
    stmpe1600.o(i.stmpe1600_IO_InitPin) refers to stm324x9i_eval.o(i.IOE_WriteMultiple) for IOE_WriteMultiple
    stmpe1600.o(i.stmpe1600_IO_InitPin) refers to stmpe1600.o(.data) for .data
    stmpe1600.o(i.stmpe1600_IO_PolarityInv_Disable) refers to stm324x9i_eval.o(i.IOE_ReadMultiple) for IOE_ReadMultiple
    stmpe1600.o(i.stmpe1600_IO_PolarityInv_Disable) refers to stm324x9i_eval.o(i.IOE_WriteMultiple) for IOE_WriteMultiple
    stmpe1600.o(i.stmpe1600_IO_PolarityInv_Disable) refers to stmpe1600.o(.data) for .data
    stmpe1600.o(i.stmpe1600_IO_PolarityInv_Enable) refers to stm324x9i_eval.o(i.IOE_ReadMultiple) for IOE_ReadMultiple
    stmpe1600.o(i.stmpe1600_IO_PolarityInv_Enable) refers to stm324x9i_eval.o(i.IOE_WriteMultiple) for IOE_WriteMultiple
    stmpe1600.o(i.stmpe1600_IO_PolarityInv_Enable) refers to stmpe1600.o(.data) for .data
    stmpe1600.o(i.stmpe1600_IO_ReadIT) refers to stm324x9i_eval.o(i.IOE_ReadMultiple) for IOE_ReadMultiple
    stmpe1600.o(i.stmpe1600_IO_ReadIT) refers to stmpe1600.o(.data) for .data
    stmpe1600.o(i.stmpe1600_IO_ReadPin) refers to stm324x9i_eval.o(i.IOE_ReadMultiple) for IOE_ReadMultiple
    stmpe1600.o(i.stmpe1600_IO_ReadPin) refers to stmpe1600.o(.data) for .data
    stmpe1600.o(i.stmpe1600_IO_WritePin) refers to stm324x9i_eval.o(i.IOE_ReadMultiple) for IOE_ReadMultiple
    stmpe1600.o(i.stmpe1600_IO_WritePin) refers to stm324x9i_eval.o(i.IOE_WriteMultiple) for IOE_WriteMultiple
    stmpe1600.o(i.stmpe1600_IO_WritePin) refers to stmpe1600.o(.data) for .data
    stmpe1600.o(i.stmpe1600_Init) refers to stmpe1600.o(i.stmpe1600_GetInstance) for stmpe1600_GetInstance
    stmpe1600.o(i.stmpe1600_Init) refers to stm324x9i_eval.o(i.IOE_Init) for IOE_Init
    stmpe1600.o(i.stmpe1600_Init) refers to stmpe1600.o(i.stmpe1600_Reset) for stmpe1600_Reset
    stmpe1600.o(i.stmpe1600_Init) refers to stmpe1600.o(.data) for .data
    stmpe1600.o(i.stmpe1600_ReadID) refers to stm324x9i_eval.o(i.IOE_Init) for IOE_Init
    stmpe1600.o(i.stmpe1600_ReadID) refers to stm324x9i_eval.o(i.IOE_ReadMultiple) for IOE_ReadMultiple
    stmpe1600.o(i.stmpe1600_Reset) refers to stm324x9i_eval.o(i.IOE_Write) for IOE_Write
[...]
    ..\\..\\..\\Drivers\\BSP\\STM32F429II_HUINS\\stm324x9i_eval_io.c 0x00000000   Number         0  stm324x9i_eval_io.o ABSOLUTE
    ..\\..\\..\\Drivers\\STM32F4xx_HAL_Driver\\Src\\stm32f4xx_hal.c 0x00000000   Number         0  stm32f4xx_hal.o ABSOLUTE
    ..\\..\\..\\Drivers\\STM32F4xx_HAL_Driver\\Src\\stm32f4xx_hal_adc.c 0x00000000   Number         0  stm32f4xx_hal_adc.o ABSOLUTE
    ..\\..\\..\\Drivers\\STM32F4xx_HAL_Driver\\Src\\stm32f4xx_hal_adc_ex.c 0x00000000   Number         0  stm32f4xx_hal_adc_ex.o ABSOLUTE
    ..\\..\\..\\Drivers\\STM32F4xx_HAL_Driver\\Src\\stm32f4xx_hal_cortex.c 0x00000000   Number         0  stm32f4xx_hal_cortex.o ABSOLUTE
    ..\\..\\..\\Drivers\\STM32F4xx_HAL_Driver\\Src\\stm32f4xx_hal_dma.c 0x00000000   Number         0  stm32f4xx_hal_dma.o ABSOLUTE
    ..\\..\\..\\Drivers\\STM32F4xx_HAL_Driver\\Src\\stm32f4xx_hal_dma_ex.c 0x00000000   Number         0  stm32f4xx_hal_dma_ex.o ABSOLUTE
    ..\\..\\..\\Drivers\\STM32F4xx_HAL_Driver\\Src\\stm32f4xx_hal_gpio.c 0x00000000   Number         0  stm32f4xx_hal_gpio.o ABSOLUTE
    ..\\..\\..\\Drivers\\STM32F4xx_HAL_Driver\\Src\\stm32f4xx_hal_i2c.c 0x00000000   Number         0  stm32f4xx_hal_i2c.o ABSOLUTE
    ..\\..\\..\\Drivers\\STM32F4xx_HAL_Driver\\Src\\stm32f4xx_hal_pwr_ex.c 0x00000000   Number         0  stm32f4xx_hal_pwr_ex.o ABSOLUTE
    ..\\..\\..\\Drivers\\STM32F4xx_HAL_Driver\\Src\\stm32f4xx_hal_rcc.c 0x00000000   Number         0  stm32f4xx_hal_rcc.o ABSOLUTE
    ..\\..\\..\\Drivers\\STM32F4xx_HAL_Driver\\Src\\stm32f4xx_hal_sram.c 0x00000000   Number         0  stm32f4xx_hal_sram.o ABSOLUTE
    ..\\..\\..\\Drivers\\STM32F4xx_HAL_Driver\\Src\\stm32f4xx_hal_tim.c 0x00000000   Number         0  stm32f4xx_hal_tim.o ABSOLUTE
    ..\\..\\..\\Drivers\\STM32F4xx_HAL_Driver\\Src\\stm32f4xx_hal_tim_ex.c 0x00000000   Number         0  stm32f4xx_hal_tim_ex.o ABSOLUTE
    ..\\..\\..\\Drivers\\STM32F4xx_HAL_Driver\\Src\\stm32f4xx_hal_uart.c 0x00000000   Number         0  stm32f4xx_hal_uart.o ABSOLUTE
    ..\\..\\..\\Drivers\\STM32F4xx_HAL_Driver\\Src\\stm32f4xx_ll_fmc.c 0x00000000   Number         0  stm32f4xx_ll_fmc.o ABSOLUTE
    ..\\..\\..\\Drivers\\STM32F4xx_HAL_Driver\\Src\\stm32f4xx_ll_usb.c 0x00000000   Number         0  stm32f4xx_ll_usb.o ABSOLUTE
    ..\\..\\..\\Middlewares\\Third_Party\\FreeRTOS\\Source\\portable\\RVDS\\ARM_CM4F\\port.c 0x00000000   Number         0  port.o ABSOLUTE
    ..\\Src\\main.c                          0x00000000   Number         0  main.o ABSOLUTE
    ..\\Src\\stm32f4xx_hal_msp.c             0x00000000   Number         0  stm32f4xx_hal_msp.o ABSOLUTE
    ..\\Src\\stm32f4xx_it.c                  0x00000000   Number         0  stm32f4xx_it.o ABSOLUTE
    ..\\Src\\system_stm32f4xx.c              0x00000000   Number         0  system_stm32f4xx.o ABSOLUTE
    cdrcmple.s                               0x00000000   Number         0  cdrcmple.o ABSOLUTE
    dc.s                                     0x00000000   Number         0  dc.o ABSOLUTE
    handlers.s                               0x00000000   Number         0  handlers.o ABSOLUTE
    init.s                                   0x00000000   Number         0  init.o ABSOLUTE
    startup_stm32f429xx.s                    0x00000000   Number         0  startup_stm32f429xx.o ABSOLUTE
    RESET                                    0x08000000   Section      428  startup_stm32f429xx.o(RESET)
    .ARM.Collect$$$$00000000                 0x080001ac   Section        0  entry.o(.ARM.Collect$$$$00000000)
    .ARM.Collect$$$$00000001                 0x080001ac   Section        4  entry2.o(.ARM.Collect$$$$00000001)
    .ARM.Collect$$$$00000004                 0x080001b0   Section        4  entry5.o(.ARM.Collect$$$$00000004)
    .ARM.Collect$$$$00000008                 0x080001b4   Section        0  entry7b.o(.ARM.Collect$$$$00000008)
    .ARM.Collect$$$$0000000A                 0x080001b4   Section        0  entry8b.o(.ARM.Collect$$$$0000000A)
    .ARM.Collect$$$$0000000B                 0x080001b4   Section        8  entry9a.o(.ARM.Collect$$$$0000000B)
    .ARM.Collect$$$$0000000D                 0x080001bc   Section        0  entry10a.o(.ARM.Collect$$$$0000000D)
    .ARM.Collect$$$$0000000F                 0x080001bc   Section        0  entry11a.o(.ARM.Collect$$$$0000000F)
    .ARM.Collect$$$$00002712                 0x080001bc   Section        4  entry2.o(.ARM.Collect$$$$00002712)
    __lit__00000000                          0x080001bc   Data           4  entry2.o(.ARM.Collect$$$$00002712)
    .emb_text                                0x080001c0   Section      174  port.o(.emb_text)
    $v0                                      0x080001c0   Number         0  port.o(.emb_text)
    .text                                    0x08000270   Section       36  startup_stm32f429xx.o(.text)
    $v0                                      0x08000270   Number         0  startup_stm32f429xx.o(.text)
    .text                                    0x08000294   Section        0  memcpya.o(.text)
    .text                                    0x080002b8   Section        0  memseta.o(.text)
    .text                                    0x080002dc   Section        0  uidiv.o(.text)
    .text                                    0x08000308   Section        0  uldiv.o(.text)
    .text                                    0x0800036a   Section        0  iusefp.o(.text)
    .text                                    0x0800036a   Section        0  dadd.o(.text)
    .text                                    0x080004b8   Section        0  dmul.o(.text)
    .text                                    0x0800059c   Section        0  ddiv.o(.text)
    .text                                    0x0800067a   Section        0  dfixul.o(.text)
    .text                                    0x080006ac   Section       48  cdrcmple.o(.text)
    .text                                    0x080006dc   Section       36  init.o(.text)
    .text                                    0x08000700   Section        0  llshl.o(.text)
    .text                                    0x0800071e   Section        0  llushr.o(.text)
    .text                                    0x0800073e   Section        0  llsshr.o(.text)
    .text                                    0x08000762   Section        0  depilogue.o(.text)
    i.ADC_Init                               0x0800081c   Section        0  stm32f4xx_hal_adc.o(i.ADC_Init)
    ADC_Init                                 0x0800081d   Thumb Code   272  stm32f4xx_hal_adc.o(i.ADC_Init)
    i.BSP_COM1_Init                          0x08000938   Section        0  stm324x9i_eval.o(i.BSP_COM1_Init)
    i.BSP_COM_Init                           0x08000964   Section        0  stm324x9i_eval.o(i.BSP_COM_Init)
    i.BSP_LED_On                             0x08000a30   Section        0  stm324x9i_eval.o(i.BSP_LED_On)
    i.BusFault_Handler                       0x08000a4c   Section        0  stm32f4xx_it.o(i.BusFault_Handler)
    i.DebugMon_Handler                       0x08000a4e   Section        0  stm32f4xx_it.o(i.DebugMon_Handler)
    i.Detect_obstacle                        0x08000a50   Section        0  main.o(i.Detect_obstacle)
    i.EXTI15_10_IRQHandler                   0x08000b5c   Section        0  stm32f4xx_it.o(i.EXTI15_10_IRQHandler)
    i.EXTI3_IRQHandler                       0x08000b64   Section        0  stm32f4xx_it.o(i.EXTI3_IRQHandler)
    i.EXTI4_IRQHandler                       0x08000b6a   Section        0  stm32f4xx_it.o(i.EXTI4_IRQHandler)
    i.EXTI9_5_IRQHandler                     0x08000b70   Section        0  stm32f4xx_it.o(i.EXTI9_5_IRQHandler)
    i.EXTILine_Config                        0x08000b78   Section        0  main.o(i.EXTILine_Config)
    EXTILine_Config                          0x08000b79   Thumb Code    92  main.o(i.EXTILine_Config)
    i.HAL_ADC_ConfigChannel                  0x08000be4   Section        0  stm32f4xx_hal_adc.o(i.HAL_ADC_ConfigChannel)
    i.HAL_ADC_GetValue                       0x08000d04   Section        0  stm32f4xx_hal_adc.o(i.HAL_ADC_GetValue)
    i.HAL_ADC_Init                           0x08000d0a   Section        0  stm32f4xx_hal_adc.o(i.HAL_ADC_Init)
    i.HAL_ADC_MspInit                        0x08000d40   Section        0  stm32f4xx_hal_msp.o(i.HAL_ADC_MspInit)
    i.HAL_ADC_PollForConversion              0x08000de4   Section        0  stm32f4xx_hal_adc.o(i.HAL_ADC_PollForConversion)
    i.HAL_ADC_Start                          0x08000e2c   Section        0  stm32f4xx_hal_adc.o(i.HAL_ADC_Start)
    i.HAL_GPIO_EXTI_Callback                 0x08000ea8   Section        0  main.o(i.HAL_GPIO_EXTI_Callback)
    i.HAL_GPIO_EXTI_IRQHandler               0x08000f34   Section        0  stm32f4xx_hal_gpio.o(i.HAL_GPIO_EXTI_IRQHandler)
    i.HAL_GPIO_Init                          0x08000f4c   Section        0  stm32f4xx_hal_gpio.o(i.HAL_GPIO_Init)
    i.HAL_GPIO_ReadPin                       0x08001170   Section        0  stm32f4xx_hal_gpio.o(i.HAL_GPIO_ReadPin)
    i.HAL_GPIO_WritePin                      0x0800117a   Section        0  stm32f4xx_hal_gpio.o(i.HAL_GPIO_WritePin)
    i.HAL_GetTick                            0x08001184   Section        0  stm32f4xx_hal.o(i.HAL_GetTick)
    i.HAL_Init                               0x08001190   Section        0  stm32f4xx_hal.o(i.HAL_Init)
    i.HAL_MspInit                            0x080011c8   Section        0  stm32f4xx_hal.o(i.HAL_MspInit)
    i.HAL_NVIC_EnableIRQ                     0x080011ca   Section        0  stm32f4xx_hal_cortex.o(i.HAL_NVIC_EnableIRQ)
    i.HAL_NVIC_SetPriority                   0x080011e0   Section        0  stm32f4xx_hal_cortex.o(i.HAL_NVIC_SetPriority)
    i.HAL_NVIC_SetPriorityGrouping           0x08001220   Section        0  stm32f4xx_hal_cortex.o(i.HAL_NVIC_SetPriorityGrouping)
    i.HAL_PWREx_ActivateOverDrive            0x08001244   Section        0  stm32f4xx_hal_pwr_ex.o(i.HAL_PWREx_ActivateOverDrive)
    i.HAL_RCC_ClockConfig                    0x080012a4   Section        0  stm32f4xx_hal_rcc.o(i.HAL_RCC_ClockConfig)
    i.HAL_RCC_GetHCLKFreq                    0x08001458   Section        0  stm32f4xx_hal_rcc.o(i.HAL_RCC_GetHCLKFreq)
    i.HAL_RCC_GetPCLK1Freq                   0x0800148c   Section        0  stm32f4xx_hal_rcc.o(i.HAL_RCC_GetPCLK1Freq)
    i.HAL_RCC_GetPCLK2Freq                   0x080014b8   Section        0  stm32f4xx_hal_rcc.o(i.HAL_RCC_GetPCLK2Freq)
    i.HAL_RCC_GetSysClockFreq                0x080014e4   Section        0  stm32f4xx_hal_rcc.o(i.HAL_RCC_GetSysClockFreq)
    i.HAL_RCC_OscConfig                      0x08001568   Section        0  stm32f4xx_hal_rcc.o(i.HAL_RCC_OscConfig)
    i.HAL_SYSTICK_Config                     0x08001884   Section        0  stm32f4xx_hal_cortex.o(i.HAL_SYSTICK_Config)
    i.HAL_TIMEx_BreakCallback                0x080018ac   Section        0  stm32f4xx_hal_tim_ex.o(i.HAL_TIMEx_BreakCallback)
    i.HAL_TIMEx_CommutationCallback          0x080018ae   Section        0  stm32f4xx_hal_tim_ex.o(i.HAL_TIMEx_CommutationCallback)
    i.HAL_TIM_IC_CaptureCallback             0x080018b0   Section        0  main.o(i.HAL_TIM_IC_CaptureCallback)
    i.HAL_TIM_IC_ConfigChannel               0x080019fc   Section        0  stm32f4xx_hal_tim.o(i.HAL_TIM_IC_ConfigChannel)
    i.HAL_TIM_IC_Init                        0x08001b06   Section        0  stm32f4xx_hal_tim.o(i.HAL_TIM_IC_Init)
    i.HAL_TIM_IC_MspInit                     0x08001b38   Section        0  stm32f4xx_hal_msp.o(i.HAL_TIM_IC_MspInit)
    i.HAL_TIM_IC_Start_IT                    0x08001b9c   Section        0  stm32f4xx_hal_tim.o(i.HAL_TIM_IC_Start_IT)
    i.HAL_TIM_IRQHandler                     0x08001be8   Section        0  stm32f4xx_hal_tim.o(i.HAL_TIM_IRQHandler)
    i.HAL_TIM_OC_DelayElapsedCallback        0x08001d62   Section        0  stm32f4xx_hal_tim.o(i.HAL_TIM_OC_DelayElapsedCallback)
    i.HAL_TIM_PWM_ConfigChannel              0x08001d64   Section        0  stm32f4xx_hal_tim.o(i.HAL_TIM_PWM_ConfigChannel)
    i.HAL_TIM_PWM_Init                       0x08001e34   Section        0  stm32f4xx_hal_tim.o(i.HAL_TIM_PWM_Init)
    i.HAL_TIM_PWM_MspInit                    0x08001e64   Section        0  stm32f4xx_hal_msp.o(i.HAL_TIM_PWM_MspInit)
    i.HAL_TIM_PWM_PulseFinishedCallback      0x08001f14   Section        0  stm32f4xx_hal_tim.o(i.HAL_TIM_PWM_PulseFinishedCallback)
    i.HAL_TIM_PWM_Start                      0x08001f18   Section        0  stm32f4xx_hal_tim.o(i.HAL_TIM_PWM_Start)
    i.HAL_TIM_PWM_Stop                       0x08001f50   Section        0  stm32f4xx_hal_tim.o(i.HAL_TIM_PWM_Stop)
    i.HAL_TIM_PeriodElapsedCallback          0x08001fac   Section        0  stm32f4xx_hal_tim.o(i.HAL_TIM_PeriodElapsedCallback)
    i.HAL_TIM_ReadCapturedValue              0x08001fae   Section        0  stm32f4xx_hal_tim.o(i.HAL_TIM_ReadCapturedValue)
    i.HAL_TIM_TriggerCallback                0x08001ff2   Section        0  stm32f4xx_hal_tim.o(i.HAL_TIM_TriggerCallback)
    i.HAL_UART_Init                          0x08001ff4   Section        0  stm32f4xx_hal_uart.o(i.HAL_UART_Init)
    i.HAL_UART_MspInit                       0x08002050   Section        0  stm32f4xx_hal_uart.o(i.HAL_UART_MspInit)
    i.HAL_UART_Transmit                      0x08002054   Section        0  stm32f4xx_hal_uart.o(i.HAL_UART_Transmit)
    i.HardFault_Handler                      0x08002120   Section        0  stm32f4xx_it.o(i.HardFault_Handler)
    i.MemManage_Handler                      0x08002122   Section        0  stm32f4xx_it.o(i.MemManage_Handler)
    i.Motor_Forward                          0x08002124   Section        0  main.o(i.Motor_Forward)
    i.Motor_Left                             0x08002140   Section        0  main.o(i.Motor_Left)
    i.Motor_Right                            0x0800215c   Section        0  main.o(i.Motor_Right)
    i.Motor_Stop                             0x08002178   Section        0  main.o(i.Motor_Stop)
    i.Motor_control                          0x080021a8   Section        0  main.o(i.Motor_control)
    i.NMI_Handler                            0x08002238   Section        0  stm32f4xx_it.o(i.NMI_Handler)
    i.NVIC_SetPriority                       0x0800223a   Section        0  stm32f4xx_hal_cortex.o(i.NVIC_SetPriority)
    NVIC_SetPriority                         0x0800223b   Thumb Code    32  stm32f4xx_hal_cortex.o(i.NVIC_SetPriority)
    i.SysTick_Handler                        0x0800225a   Section        0  stm32f4xx_it.o(i.SysTick_Handler)
    i.SystemClock_Config                     0x08002260   Section        0  main.o(i.SystemClock_Config)
    SystemClock_Config                       0x08002261   Thumb Code    96  main.o(i.SystemClock_Config)
    i.SystemInit                             0x080022c8   Section        0  system_stm32f4xx.o(i.SystemInit)
    i.TIM3_IRQHandler                        0x0800231c   Section        0  stm32f4xx_it.o(i.TIM3_IRQHandler)
    i.TIM_Base_SetConfig                     0x08002328   Section        0  stm32f4xx_hal_tim.o(i.TIM_Base_SetConfig)
    i.TIM_CCxChannelCmd                      0x080023e8   Section        0  stm32f4xx_hal_tim.o(i.TIM_CCxChannelCmd)
    i.TIM_OC1_SetConfig                      0x08002400   Section        0  stm32f4xx_hal_tim.o(i.TIM_OC1_SetConfig)
    TIM_OC1_SetConfig                        0x08002401   Thumb Code    80  stm32f4xx_hal_tim.o(i.TIM_OC1_SetConfig)
    i.TIM_OC2_SetConfig                      0x08002458   Section        0  stm32f4xx_hal_tim.o(i.TIM_OC2_SetConfig)
    i.TIM_OC3_SetConfig                      0x080024bc   Section        0  stm32f4xx_hal_tim.o(i.TIM_OC3_SetConfig)
    TIM_OC3_SetConfig                        0x080024bd   Thumb Code    88  stm32f4xx_hal_tim.o(i.TIM_OC3_SetConfig)
    i.TIM_OC4_SetConfig                      0x0800251c   Section        0  stm32f4xx_hal_tim.o(i.TIM_OC4_SetConfig)
    TIM_OC4_SetConfig                        0x0800251d   Thumb Code    70  stm32f4xx_hal_tim.o(i.TIM_OC4_SetConfig)
    i.TIM_TI1_SetConfig                      0x0800256c   Section        0  stm32f4xx_hal_tim.o(i.TIM_TI1_SetConfig)
    i.TIM_TI2_SetConfig                      0x080025ec   Section        0  stm32f4xx_hal_tim.o(i.TIM_TI2_SetConfig)
    TIM_TI2_SetConfig                        0x080025ed   Thumb Code    44  stm32f4xx_hal_tim.o(i.TIM_TI2_SetConfig)
    i.UART_SetConfig                         0x08002618   Section        0  stm32f4xx_hal_uart.o(i.UART_SetConfig)
    UART_SetConfig                           0x08002619   Thumb Code   366  stm32f4xx_hal_uart.o(i.UART_SetConfig)
    i.UART_WaitOnFlagUntilTimeout            0x08002790   Section        0  stm32f4xx_hal_uart.o(i.UART_WaitOnFlagUntilTimeout)
    UART_WaitOnFlagUntilTimeout              0x08002791   Thumb Code   138  stm32f4xx_hal_uart.o(i.UART_WaitOnFlagUntilTimeout)
    i.UsageFault_Handler                     0x0800281a   Section        0  stm32f4xx_it.o(i.UsageFault_Handler)
    i.__0printf                              0x0800281c   Section        0  printfa.o(i.__0printf)
    i.__scatterload_copy                     0x0800283c   Section       14  handlers.o(i.__scatterload_copy)
    i.__scatterload_null                     0x0800284a   Section        2  handlers.o(i.__scatterload_null)
    i.__scatterload_zeroinit                 0x0800284c   Section       14  handlers.o(i.__scatterload_zeroinit)
    i._fp_digits                             0x0800285c   Section        0  printfa.o(i._fp_digits)
    _fp_digits                               0x0800285d   Thumb Code   334  printfa.o(i._fp_digits)
    i._printf_core                           0x080029c0   Section        0  printfa.o(i._printf_core)
    _printf_core                             0x080029c1   Thumb Code  1744  printfa.o(i._printf_core)
    i._printf_post_padding                   0x0800309c   Section        0  printfa.o(i._printf_post_padding)
    _printf_post_padding                     0x0800309d   Thumb Code    36  printfa.o(i._printf_post_padding)
    i._printf_pre_padding                    0x080030c0   Section        0  printfa.o(i._printf_pre_padding)
    _printf_pre_padding                      0x080030c1   Thumb Code    46  printfa.o(i._printf_pre_padding)
    i.fputc                                  0x080030f0   Section        0  main.o(i.fputc)
    i.main                                   0x08003108   Section        0  main.o(i.main)
    i.osDelay                                0x080033f8   Section        0  cmsis_os.o(i.osDelay)
    i.prvAddCurrentTaskToDelayedList         0x08003408   Section        0  tasks.o(i.prvAddCurrentTaskToDelayedList)
    prvAddCurrentTaskToDelayedList           0x08003409   Thumb Code    48  tasks.o(i.prvAddCurrentTaskToDelayedList)
    i.prvCheckForValidListAndQueue           0x0800343c   Section        0  timers.o(i.prvCheckForValidListAndQueue)
    prvCheckForValidListAndQueue             0x0800343d   Thumb Code    54  timers.o(i.prvCheckForValidListAndQueue)
    i.prvCheckTasksWaitingTermination        0x0800347c   Section        0  tasks.o(i.prvCheckTasksWaitingTermination)
    prvCheckTasksWaitingTermination          0x0800347d   Thumb Code    76  tasks.o(i.prvCheckTasksWaitingTermination)
    i.prvCopyDataFromQueue                   0x080034d0   Section        0  queue.o(i.prvCopyDataFromQueue)
    prvCopyDataFromQueue                     0x080034d1   Thumb Code    40  queue.o(i.prvCopyDataFromQueue)
    i.prvCopyDataToQueue                     0x080034f8   Section        0  queue.o(i.prvCopyDataToQueue)
    prvCopyDataToQueue                       0x080034f9   Thumb Code   104  queue.o(i.prvCopyDataToQueue)
    i.prvHeapInit                            0x08003560   Section        0  heap_4.o(i.prvHeapInit)
    prvHeapInit                              0x08003561   Thumb Code    64  heap_4.o(i.prvHeapInit)
    i.prvIdleTask                            0x080035a8   Section        0  tasks.o(i.prvIdleTask)
    prvIdleTask                              0x080035a9   Thumb Code    20  tasks.o(i.prvIdleTask)
    i.prvInsertBlockIntoFreeList             0x080035c0   Section        0  heap_4.o(i.prvInsertBlockIntoFreeList)
    prvInsertBlockIntoFreeList               0x080035c1   Thumb Code    72  heap_4.o(i.prvInsertBlockIntoFreeList)
    i.prvInsertTimerInActiveList             0x0800360c   Section        0  timers.o(i.prvInsertTimerInActiveList)
    prvInsertTimerInActiveList               0x0800360d   Thumb Code    52  timers.o(i.prvInsertTimerInActiveList)
    i.prvProcessReceivedCommands             0x08003644   Section        0  timers.o(i.prvProcessReceivedCommands)
    prvProcessReceivedCommands               0x08003645   Thumb Code   154  timers.o(i.prvProcessReceivedCommands)
    i.prvProcessTimerOrBlockTask             0x080036e4   Section        0  timers.o(i.prvProcessTimerOrBlockTask)
    prvProcessTimerOrBlockTask               0x080036e5   Thumb Code   136  timers.o(i.prvProcessTimerOrBlockTask)
    i.prvSampleTimeNow                       0x08003770   Section        0  timers.o(i.prvSampleTimeNow)
    prvSampleTimeNow                         0x08003771   Thumb Code    36  timers.o(i.prvSampleTimeNow)
    i.prvSwitchTimerLists                    0x08003798   Section        0  timers.o(i.prvSwitchTimerLists)
    prvSwitchTimerLists                      0x08003799   Thumb Code    92  timers.o(i.prvSwitchTimerLists)
    i.prvTaskExitError                       0x080037f8   Section        0  port.o(i.prvTaskExitError)
    prvTaskExitError                         0x080037f9   Thumb Code    20  port.o(i.prvTaskExitError)
    i.prvTimerTask                           0x08003810   Section        0  timers.o(i.prvTimerTask)
    prvTimerTask                             0x08003811   Thumb Code    32  timers.o(i.prvTimerTask)
    i.prvUnlockQueue                         0x08003834   Section        0  queue.o(i.prvUnlockQueue)
    prvUnlockQueue                           0x08003835   Thumb Code   100  queue.o(i.prvUnlockQueue)
    i.pvPortMalloc                           0x08003898   Section        0  heap_4.o(i.pvPortMalloc)
    i.pxPortInitialiseStack                  0x08003928   Section        0  port.o(i.pxPortInitialiseStack)
    i.turnLeft                               0x08003950   Section        0  main.o(i.turnLeft)
    i.turnLeft_90                            0x08003980   Section        0  main.o(i.turnLeft_90)
    i.turnRight                              0x080039b8   Section        0  main.o(i.turnRight)
    i.turnRight_90                           0x080039e8   Section        0  main.o(i.turnRight_90)
    i.uxListRemove                           0x08003a20   Section        0  list.o(i.uxListRemove)
    i.vListInitialise                        0x08003a44   Section        0  list.o(i.vListInitialise)
    i.vListInitialiseItem                    0x08003a5a   Section        0  list.o(i.vListInitialiseItem)
    i.vListInsert                            0x08003a60   Section        0  list.o(i.vListInsert)
    i.vListInsertEnd                         0x08003a90   Section        0  list.o(i.vListInsertEnd)
    i.vPortEnterCritical                     0x08003aa8   Section        0  port.o(i.vPortEnterCritical)
    i.vPortExitCritical                      0x08003ac4   Section        0  port.o(i.vPortExitCritical)
    i.vPortFree                              0x08003ad8   Section        0  heap_4.o(i.vPortFree)
    i.vPortSetupTimerInterrupt               0x08003b20   Section        0  port.o(i.vPortSetupTimerInterrupt)
    i.vPortValidateInterruptPriority         0x08003b40   Section        0  port.o(i.vPortValidateInterruptPriority)
    i.vPortYield                             0x08003b80   Section        0  port.o(i.vPortYield)
    i.vQueueWaitForMessageRestricted         0x08003b98   Section        0  queue.o(i.vQueueWaitForMessageRestricted)
    i.vTaskDelay                             0x08003bd0   Section        0  tasks.o(i.vTaskDelay)
    i.vTaskMissedYield                       0x08003c04   Section        0  tasks.o(i.vTaskMissedYield)
    i.vTaskPlaceOnEventList                  0x08003c10   Section        0  tasks.o(i.vTaskPlaceOnEventList)
    i.vTaskPlaceOnEventListRestricted        0x08003c54   Section        0  tasks.o(i.vTaskPlaceOnEventListRestricted)
    i.vTaskPriorityDisinherit                0x08003c84   Section        0  tasks.o(i.vTaskPriorityDisinherit)
    i.vTaskPriorityInherit                   0x08003ccc   Section        0  tasks.o(i.vTaskPriorityInherit)
    i.vTaskSetTimeOutState                   0x08003d30   Section        0  tasks.o(i.vTaskSetTimeOutState)
    i.vTaskStartScheduler                    0x08003d4c   Section        0  tasks.o(i.vTaskStartScheduler)
    i.vTaskSuspendAll                        0x08003da0   Section        0  tasks.o(i.vTaskSuspendAll)
    i.vTaskSwitchContext                     0x08003db0   Section        0  tasks.o(i.vTaskSwitchContext)
    i.xPortStartScheduler                    0x08003e0c   Section        0  port.o(i.xPortStartScheduler)
    i.xPortSysTickHandler                    0x08003e90   Section        0  port.o(i.xPortSysTickHandler)
    i.xQueueGenericCreate                    0x08003eb4   Section        0  queue.o(i.xQueueGenericCreate)
    i.xQueueGenericReceive                   0x08003efc   Section        0  queue.o(i.xQueueGenericReceive)
    i.xQueueGenericReset                     0x0800401a   Section        0  queue.o(i.xQueueGenericReset)
    i.xQueueGenericSend                      0x08004084   Section        0  queue.o(i.xQueueGenericSend)
    i.xQueueGenericSendFromISR               0x08004184   Section        0  queue.o(i.xQueueGenericSendFromISR)
    i.xTaskCheckForTimeOut                   0x08004210   Section        0  tasks.o(i.xTaskCheckForTimeOut)
    i.xTaskGenericCreate                     0x08004268   Section        0  tasks.o(i.xTaskGenericCreate)
    i.xTaskGetCurrentTaskHandle              0x080043e8   Section        0  tasks.o(i.xTaskGetCurrentTaskHandle)
    i.xTaskGetSchedulerState                 0x080043f4   Section        0  tasks.o(i.xTaskGetSchedulerState)
    i.xTaskGetTickCount                      0x08004410   Section        0  tasks.o(i.xTaskGetTickCount)
    i.xTaskIncrementTick                     0x08004428   Section        0  tasks.o(i.xTaskIncrementTick)
    i.xTaskRemoveFromEventList               0x080044f8   Section        0  tasks.o(i.xTaskRemoveFromEventList)
    i.xTaskResumeAll                         0x0800455c   Section        0  tasks.o(i.xTaskResumeAll)
    i.xTimerCreateTimerTask                  0x08004604   Section        0  timers.o(i.xTimerCreateTimerTask)
    i.xTimerGenericCommand                   0x08004648   Section        0  timers.o(i.xTimerGenericCommand)
    .constdata                               0x08004690   Section       24  stm324x9i_eval.o(.constdata)
    .constdata                               0x080046a8   Section       16  stm32f4xx_hal_rcc.o(.constdata)
    .data                                    0x20000000   Section       44  stm324x9i_eval.o(.data)
    I2C_IT_Enabled                           0x20000000   Data           1  stm324x9i_eval.o(.data)
    .data                                    0x2000002c   Section       20  system_stm32f4xx.o(.data)
    .data                                    0x20000040   Section        4  stm32f4xx_hal.o(.data)
    uwTick                                   0x20000040   Data           4  stm32f4xx_hal.o(.data)
    .data                                    0x20000044   Section       68  main.o(.data)
    .data                                    0x20000088   Section       56  tasks.o(.data)
    uxTasksDeleted                           0x2000008c   Data           4  tasks.o(.data)
    uxCurrentNumberOfTasks                   0x20000090   Data           4  tasks.o(.data)
    xTickCount                               0x20000094   Data           4  tasks.o(.data)
    uxTopReadyPriority                       0x20000098   Data           4  tasks.o(.data)
    xSchedulerRunning                        0x2000009c   Data           4  tasks.o(.data)
    uxSchedulerSuspended                     0x200000a0   Data           4  tasks.o(.data)
    uxPendedTicks                            0x200000a4   Data           4  tasks.o(.data)
    xYieldPending                            0x200000a8   Data           4  tasks.o(.data)
    xNumOfOverflows                          0x200000ac   Data           4  tasks.o(.data)
    uxTaskNumber                             0x200000b0   Data           4  tasks.o(.data)
    xNextTaskUnblockTime                     0x200000b4   Data           4  tasks.o(.data)
    pxDelayedTaskList                        0x200000b8   Data           4  tasks.o(.data)
    pxOverflowDelayedTaskList                0x200000bc   Data           4  tasks.o(.data)
    .data                                    0x200000c0   Section       16  timers.o(.data)
    xTimerQueue                              0x200000c0   Data           4  timers.o(.data)
    xLastTime                                0x200000c4   Data           4  timers.o(.data)
    pxCurrentTimerList                       0x200000c8   Data           4  timers.o(.data)
    pxOverflowTimerList                      0x200000cc   Data           4  timers.o(.data)
    .data                                    0x200000d0   Section       20  heap_4.o(.data)
    pxEnd                                    0x200000d0   Data           4  heap_4.o(.data)
    xFreeBytesRemaining                      0x200000d4   Data           4  heap_4.o(.data)
    xBlockAllocatedBit                       0x200000d8   Data           4  heap_4.o(.data)
    xStart                                   0x200000dc   Data           8  heap_4.o(.data)
    .data                                    0x200000e4   Section       12  port.o(.data)
    ucMaxSysCallPriority                     0x200000e4   Data           1  port.o(.data)
    uxCriticalNesting                        0x200000e8   Data           4  port.o(.data)
    ulMaxPRIGROUPValue                       0x200000ec   Data           4  port.o(.data)
    .data                                    0x200000f0   Section        4  stdout.o(.data)
    .bss                                     0x200000f4   Section      236  stm324x9i_eval.o(.bss)
    heval_I2c                                0x200001a8   Data          56  stm324x9i_eval.o(.bss)
    .bss                                     0x200001e0   Section      592  main.o(.bss)
    .bss                                     0x20000430   Section      340  tasks.o(.bss)
    pxReadyTasksLists                        0x20000430   Data         240  tasks.o(.bss)
    xDelayedTaskList1                        0x20000520   Data          20  tasks.o(.bss)
    xDelayedTaskList2                        0x20000534   Data          20  tasks.o(.bss)
    xPendingReadyList                        0x20000548   Data          20  tasks.o(.bss)
    xTasksWaitingTermination                 0x2000055c   Data          20  tasks.o(.bss)
    xSuspendedTaskList                       0x20000570   Data          20  tasks.o(.bss)
    .bss                                     0x20000584   Section       40  timers.o(.bss)
    xActiveTimerList1                        0x20000584   Data          20  timers.o(.bss)
    xActiveTimerList2                        0x20000598   Data          20  timers.o(.bss)
    .bss                                     0x200005ac   Section    25600  heap_4.o(.bss)
    ucHeap                                   0x200005ac   Data       25600  heap_4.o(.bss)
    STACK                                    0x200069b0   Section     1024  startup_stm32f429xx.o(STACK)

    Global Symbols

    Symbol Name                              Value     Ov Type        Size  Object(Section)

    BuildAttributes$$THM_ISAv4$E$P$D$K$B$S$7EM$VFPi3$EXTD16$VFPS$VFMA$PE$A:L22UL41UL21$X:L11$S22US41US21$IEEE1$IW$USESV6$~STKCKD$USESV7$~SHL$OSPACE$ROPI$EBA8$MICROLIB$REQ8$PRES8$EABIv2 0x00000000   Number         0  anon$$obj.o ABSOLUTE
    __ARM_use_no_argv                        0x00000000   Number         0  main.o ABSOLUTE
    _printf_a                                0x00000000   Number         0  stubs.o ABSOLUTE
    _printf_c                                0x00000000   Number         0  stubs.o ABSOLUTE
    _printf_charcount                        0x00000000   Number         0  stubs.o ABSOLUTE
    _printf_d                                0x00000000   Number         0  stubs.o ABSOLUTE
    _printf_e                                0x00000000   Number         0  stubs.o ABSOLUTE
    _printf_f                                0x00000000   Number         0  stubs.o ABSOLUTE
    _printf_flags                            0x00000000   Number         0  stubs.o ABSOLUTE
    _printf_fp_dec                           0x00000000   Number         0  stubs.o ABSOLUTE
    _printf_fp_hex                           0x00000000   Number         0  stubs.o ABSOLUTE
    _printf_g                                0x00000000   Number         0  stubs.o ABSOLUTE
    _printf_i                                0x00000000   Number         0  stubs.o ABSOLUTE
    _printf_int_dec                          0x00000000   Number         0  stubs.o ABSOLUTE
    _printf_l                                0x00000000   Number         0  stubs.o ABSOLUTE
    _printf_lc                               0x00000000   Number         0  stubs.o ABSOLUTE
    _printf_ll                               0x00000000   Number         0  stubs.o ABSOLUTE
    _printf_lld                              0x00000000   Number         0  stubs.o ABSOLUTE
    _printf_lli                              0x00000000   Number         0  stubs.o ABSOLUTE
    _printf_llo                              0x00000000   Number         0  stubs.o ABSOLUTE
    _printf_llu                              0x00000000   Number         0  stubs.o ABSOLUTE
    _printf_llx                              0x00000000   Number         0  stubs.o ABSOLUTE
    _printf_longlong_dec                     0x00000000   Number         0  stubs.o ABSOLUTE
    _printf_longlong_hex                     0x00000000   Number         0  stubs.o ABSOLUTE
    _printf_longlong_oct                     0x00000000   Number         0  stubs.o ABSOLUTE
    _printf_ls                               0x00000000   Number         0  stubs.o ABSOLUTE
    _printf_mbtowc                           0x00000000   Number         0  stubs.o ABSOLUTE
    _printf_n                                0x00000000   Number         0  stubs.o ABSOLUTE
    _printf_o                                0x00000000   Number         0  stubs.o ABSOLUTE
    _printf_p                                0x00000000   Number         0  stubs.o ABSOLUTE
    _printf_percent                          0x00000000   Number         0  stubs.o ABSOLUTE
    _printf_pre_padding                      0x00000000   Number         0  stubs.o ABSOLUTE
    _printf_return_value                     0x00000000   Number         0  stubs.o ABSOLUTE
    _printf_s                                0x00000000   Number         0  stubs.o ABSOLUTE
    _printf_sizespec                         0x00000000   Number         0  stubs.o ABSOLUTE
    _printf_str                              0x00000000   Number         0  stubs.o ABSOLUTE
    _printf_truncate_signed                  0x00000000   Number         0  stubs.o ABSOLUTE
    _printf_truncate_unsigned                0x00000000   Number         0  stubs.o ABSOLUTE
    _printf_u                                0x00000000   Number         0  stubs.o ABSOLUTE
    _printf_wc                               0x00000000   Number         0  stubs.o ABSOLUTE
    _printf_wctomb                           0x00000000   Number         0  stubs.o ABSOLUTE
    _printf_widthprec                        0x00000000   Number         0  stubs.o ABSOLUTE
    _printf_x                                0x00000000   Number         0  stubs.o ABSOLUTE
    __cpp_initialize__aeabi_                  - Undefined Weak Reference
    __cxa_finalize                            - Undefined Weak Reference
    __decompress                              - Undefined Weak Reference
    _clock_init                               - Undefined Weak Reference
    _microlib_exit                            - Undefined Weak Reference
    __Vectors_Size                           0x000001ac   Number         0  startup_stm32f429xx.o ABSOLUTE
    __Vectors                                0x08000000   Data           4  startup_stm32f429xx.o(RESET)
    __Vectors_End                            0x080001ac   Data           0  startup_stm32f429xx.o(RESET)
    __main                                   0x080001ad   Thumb Code     0  entry.o(.ARM.Collect$$$$00000000)
    _main_stk                                0x080001ad   Thumb Code     0  entry2.o(.ARM.Collect$$$$00000001)
    _main_scatterload                        0x080001b1   Thumb Code     0  entry5.o(.ARM.Collect$$$$00000004)
    __main_after_scatterload                 0x080001b5   Thumb Code     0  entry5.o(.ARM.Collect$$$$00000004)
    _main_clock                              0x080001b5   Thumb Code     0  entry7b.o(.ARM.Collect$$$$00000008)
    _main_cpp_init                           0x080001b5   Thumb Code     0  entry8b.o(.ARM.Collect$$$$0000000A)
    _main_init                               0x080001b5   Thumb Code     0  entry9a.o(.ARM.Collect$$$$0000000B)
    __rt_final_cpp                           0x080001bd   Thumb Code     0  entry10a.o(.ARM.Collect$$$$0000000D)
    __rt_final_exit                          0x080001bd   Thumb Code     0  entry11a.o(.ARM.Collect$$$$0000000F)
    SVC_Handler                              0x080001c1   Thumb Code    24  port.o(.emb_text)
    __asm___6_port_c_39a90d8d__prvStartFirstTask 0x080001dd   Thumb Code    16  port.o(.emb_text)
    __asm___6_port_c_39a90d8d__prvEnableVFP  0x080001f1   Thumb Code    16  port.o(.emb_text)
    PendSV_Handler                           0x08000205   Thumb Code    76  port.o(.emb_text)
    ulPortSetInterruptMask                   0x08000255   Thumb Code    14  port.o(.emb_text)
    vPortClearInterruptMask                  0x08000263   Thumb Code     6  port.o(.emb_text)
    vPortGetIPSR                             0x08000269   Thumb Code     6  port.o(.emb_text)
    Reset_Handler                            0x08000271   Thumb Code     8  startup_stm32f429xx.o(.text)
    ADC_IRQHandler                           0x0800028b   Thumb Code     0  startup_stm32f429xx.o(.text)
    CAN1_RX0_IRQHandler                      0x0800028b   Thumb Code     0  startup_stm32f429xx.o(.text)
    CAN1_RX1_IRQHandler                      0x0800028b   Thumb Code     0  startup_stm32f429xx.o(.text)
    CAN1_SCE_IRQHandler                      0x0800028b   Thumb Code     0  startup_stm32f429xx.o(.text)
    CAN1_TX_IRQHandler                       0x0800028b   Thumb Code     0  startup_stm32f429xx.o(.text)
    CAN2_RX0_IRQHandler                      0x0800028b   Thumb Code     0  startup_stm32f429xx.o(.text)
    CAN2_RX1_IRQHandler                      0x0800028b   Thumb Code     0  startup_stm32f429xx.o(.text)
    CAN2_SCE_IRQHandler                      0x0800028b   Thumb Code     0  startup_stm32f429xx.o(.text)
    CAN2_TX_IRQHandler                       0x0800028b   Thumb Code     0  startup_stm32f429xx.o(.text)
    DCMI_IRQHandler                          0x0800028b   Thumb Code     0  startup_stm32f429xx.o(.text)
    DMA1_Stream0_IRQHandler                  0x0800028b   Thumb Code     0  startup_stm32f429xx.o(.text)
    DMA1_Stream1_IRQHandler                  0x0800028b   Thumb Code     0  startup_stm32f429xx.o(.text)
    DMA1_Stream2_IRQHandler                  0x0800028b   Thumb Code     0  startup_stm32f429xx.o(.text)
    DMA1_Stream3_IRQHandler                  0x0800028b   Thumb Code     0  startup_stm32f429xx.o(.text)
    DMA1_Stream4_IRQHandler                  0x0800028b   Thumb Code     0  startup_stm32f429xx.o(.text)
    DMA1_Stream5_IRQHandler                  0x0800028b   Thumb Code     0  startup_stm32f429xx.o(.text)
    DMA1_Stream6_IRQHandler                  0x0800028b   Thumb Code     0  startup_stm32f429xx.o(.text)
    DMA1_Stream7_IRQHandler                  0x0800028b   Thumb Code     0  startup_stm32f429xx.o(.text)
    DMA2D_IRQHandler                         0x0800028b   Thumb Code     0  startup_stm32f429xx.o(.text)
    DMA2_Stream0_IRQHandler                  0x0800028b   Thumb Code     0  startup_stm32f429xx.o(.text)
    DMA2_Stream1_IRQHandler                  0x0800028b   Thumb Code     0  startup_stm32f429xx.o(.text)
    DMA2_Stream2_IRQHandler                  0x0800028b   Thumb Code     0  startup_stm32f429xx.o(.text)
    DMA2_Stream3_IRQHandler                  0x0800028b   Thumb Code     0  startup_stm32f429xx.o(.text)
    DMA2_Stream4_IRQHandler                  0x0800028b   Thumb Code     0  startup_stm32f429xx.o(.text)
    DMA2_Stream5_IRQHandler                  0x0800028b   Thumb Code     0  startup_stm32f429xx.o(.text)
    DMA2_Stream6_IRQHandler                  0x0800028b   Thumb Code     0  startup_stm32f429xx.o(.text)
    DMA2_Stream7_IRQHandler                  0x0800028b   Thumb Code     0  startup_stm32f429xx.o(.text)
    ETH_IRQHandler                           0x0800028b   Thumb Code     0  startup_stm32f429xx.o(.text)
    ETH_WKUP_IRQHandler                      0x0800028b   Thumb Code     0  startup_stm32f429xx.o(.text)
    EXTI0_IRQHandler                         0x0800028b   Thumb Code     0  startup_stm32f429xx.o(.text)
    EXTI1_IRQHandler                         0x0800028b   Thumb Code     0  startup_stm32f429xx.o(.text)
    EXTI2_IRQHandler                         0x0800028b   Thumb Code     0  startup_stm32f429xx.o(.text)
    FLASH_IRQHandler                         0x0800028b   Thumb Code     0  startup_stm32f429xx.o(.text)
    FMC_IRQHandler                           0x0800028b   Thumb Code     0  startup_stm32f429xx.o(.text)
    FPU_IRQHandler                           0x0800028b   Thumb Code     0  startup_stm32f429xx.o(.text)
    HASH_RNG_IRQHandler                      0x0800028b   Thumb Code     0  startup_stm32f429xx.o(.text)
    I2C1_ER_IRQHandler                       0x0800028b   Thumb Code     0  startup_stm32f429xx.o(.text)
    I2C1_EV_IRQHandler                       0x0800028b   Thumb Code     0  startup_stm32f429xx.o(.text)
    I2C2_ER_IRQHandler                       0x0800028b   Thumb Code     0  startup_stm32f429xx.o(.text)
    I2C2_EV_IRQHandler                       0x0800028b   Thumb Code     0  startup_stm32f429xx.o(.text)
    I2C3_ER_IRQHandler                       0x0800028b   Thumb Code     0  startup_stm32f429xx.o(.text)
    I2C3_EV_IRQHandler                       0x0800028b   Thumb Code     0  startup_stm32f429xx.o(.text)
    LTDC_ER_IRQHandler                       0x0800028b   Thumb Code     0  startup_stm32f429xx.o(.text)
    LTDC_IRQHandler                          0x0800028b   Thumb Code     0  startup_stm32f429xx.o(.text)
    OTG_FS_IRQHandler                        0x0800028b   Thumb Code     0  startup_stm32f429xx.o(.text)
    OTG_FS_WKUP_IRQHandler                   0x0800028b   Thumb Code     0  startup_stm32f429xx.o(.text)
    OTG_HS_EP1_IN_IRQHandler                 0x0800028b   Thumb Code     0  startup_stm32f429xx.o(.text)
    OTG_HS_EP1_OUT_IRQHandler                0x0800028b   Thumb Code     0  startup_stm32f429xx.o(.text)
    OTG_HS_IRQHandler                        0x0800028b   Thumb Code     0  startup_stm32f429xx.o(.text)
    OTG_HS_WKUP_IRQHandler                   0x0800028b   Thumb Code     0  startup_stm32f429xx.o(.text)
    PVD_IRQHandler                           0x0800028b   Thumb Code     0  startup_stm32f429xx.o(.text)
    RCC_IRQHandler                           0x0800028b   Thumb Code     0  startup_stm32f429xx.o(.text)
    RTC_Alarm_IRQHandler                     0x0800028b   Thumb Code     0  startup_stm32f429xx.o(.text)
    RTC_WKUP_IRQHandler                      0x0800028b   Thumb Code     0  startup_stm32f429xx.o(.text)
    SAI1_IRQHandler                          0x0800028b   Thumb Code     0  startup_stm32f429xx.o(.text)
    SDIO_IRQHandler                          0x0800028b   Thumb Code     0  startup_stm32f429xx.o(.text)
    SPI1_IRQHandler                          0x0800028b   Thumb Code     0  startup_stm32f429xx.o(.text)
    SPI2_IRQHandler                          0x0800028b   Thumb Code     0  startup_stm32f429xx.o(.text)
    SPI3_IRQHandler                          0x0800028b   Thumb Code     0  startup_stm32f429xx.o(.text)
    SPI4_IRQHandler                          0x0800028b   Thumb Code     0  startup_stm32f429xx.o(.text)
    SPI5_IRQHandler                          0x0800028b   Thumb Code     0  startup_stm32f429xx.o(.text)
    SPI6_IRQHandler                          0x0800028b   Thumb Code     0  startup_stm32f429xx.o(.text)
    TAMP_STAMP_IRQHandler                    0x0800028b   Thumb Code     0  startup_stm32f429xx.o(.text)
    TIM1_BRK_TIM9_IRQHandler                 0x0800028b   Thumb Code     0  startup_stm32f429xx.o(.text)
    TIM1_CC_IRQHandler                       0x0800028b   Thumb Code     0  startup_stm32f429xx.o(.text)
    TIM1_TRG_COM_TIM11_IRQHandler            0x0800028b   Thumb Code     0  startup_stm32f429xx.o(.text)
    TIM1_UP_TIM10_IRQHandler                 0x0800028b   Thumb Code     0  startup_stm32f429xx.o(.text)
    TIM2_IRQHandler                          0x0800028b   Thumb Code     0  startup_stm32f429xx.o(.text)
    TIM4_IRQHandler                          0x0800028b   Thumb Code     0  startup_stm32f429xx.o(.text)
    TIM5_IRQHandler                          0x0800028b   Thumb Code     0  startup_stm32f429xx.o(.text)
    TIM6_DAC_IRQHandler                      0x0800028b   Thumb Code     0  startup_stm32f429xx.o(.text)
    TIM7_IRQHandler                          0x0800028b   Thumb Code     0  startup_stm32f429xx.o(.text)
    TIM8_BRK_TIM12_IRQHandler                0x0800028b   Thumb Code     0  startup_stm32f429xx.o(.text)
    TIM8_CC_IRQHandler                       0x0800028b   Thumb Code     0  startup_stm32f429xx.o(.text)
    TIM8_TRG_COM_TIM14_IRQHandler            0x0800028b   Thumb Code     0  startup_stm32f429xx.o(.text)
    TIM8_UP_TIM13_IRQHandler                 0x0800028b   Thumb Code     0  startup_stm32f429xx.o(.text)
    UART4_IRQHandler                         0x0800028b   Thumb Code     0  startup_stm32f429xx.o(.text)
    UART5_IRQHandler                         0x0800028b   Thumb Code     0  startup_stm32f429xx.o(.text)
    UART7_IRQHandler                         0x0800028b   Thumb Code     0  startup_stm32f429xx.o(.text)
    UART8_IRQHandler                         0x0800028b   Thumb Code     0  startup_stm32f429xx.o(.text)
    USART1_IRQHandler                        0x0800028b   Thumb Code     0  startup_stm32f429xx.o(.text)
    USART2_IRQHandler                        0x0800028b   Thumb Code     0  startup_stm32f429xx.o(.text)
    USART3_IRQHandler                        0x0800028b   Thumb Code     0  startup_stm32f429xx.o(.text)
    USART6_IRQHandler                        0x0800028b   Thumb Code     0  startup_stm32f429xx.o(.text)
    WWDG_IRQHandler                          0x0800028b   Thumb Code     0  startup_stm32f429xx.o(.text)
    __aeabi_memcpy                           0x08000295   Thumb Code    36  memcpya.o(.text)
    __aeabi_memcpy4                          0x08000295   Thumb Code     0  memcpya.o(.text)
    __aeabi_memcpy8                          0x08000295   Thumb Code     0  memcpya.o(.text)
    __aeabi_memset                           0x080002b9   Thumb Code    14  memseta.o(.text)
    __aeabi_memset4                          0x080002b9   Thumb Code     0  memseta.o(.text)
    __aeabi_memset8                          0x080002b9   Thumb Code     0  memseta.o(.text)
    __aeabi_memclr                           0x080002c7   Thumb Code     4  memseta.o(.text)
    __aeabi_memclr4                          0x080002c7   Thumb Code     0  memseta.o(.text)
    __aeabi_memclr8                          0x080002c7   Thumb Code     0  memseta.o(.text)
    _memset$wrapper                          0x080002cb   Thumb Code    18  memseta.o(.text)
    __aeabi_uidiv                            0x080002dd   Thumb Code     0  uidiv.o(.text)
    __aeabi_uidivmod                         0x080002dd   Thumb Code    44  uidiv.o(.text)
    __aeabi_uldivmod                         0x08000309   Thumb Code    98  uldiv.o(.text)
    __I$use$fp                               0x0800036b   Thumb Code     0  iusefp.o(.text)
    __aeabi_dadd                             0x0800036b   Thumb Code   322  dadd.o(.text)
    __aeabi_dsub                             0x080004ad   Thumb Code     6  dadd.o(.text)
    __aeabi_drsub                            0x080004b3   Thumb Code     6  dadd.o(.text)
    __aeabi_dmul                             0x080004b9   Thumb Code   228  dmul.o(.text)
    __aeabi_ddiv                             0x0800059d   Thumb Code   222  ddiv.o(.text)
    __aeabi_d2ulz                            0x0800067b   Thumb Code    48  dfixul.o(.text)
    __aeabi_cdrcmple                         0x080006ad   Thumb Code    48  cdrcmple.o(.text)
    __scatterload                            0x080006dd   Thumb Code    28  init.o(.text)
    __scatterload_rt2                        0x080006dd   Thumb Code     0  init.o(.text)
    __aeabi_llsl                             0x08000701   Thumb Code    30  llshl.o(.text)
    _ll_shift_l                              0x08000701   Thumb Code     0  llshl.o(.text)
    __aeabi_llsr                             0x0800071f   Thumb Code    32  llushr.o(.text)
    _ll_ushift_r                             0x0800071f   Thumb Code     0  llushr.o(.text)
    __aeabi_lasr                             0x0800073f   Thumb Code    36  llsshr.o(.text)
    _ll_sshift_r                             0x0800073f   Thumb Code     0  llsshr.o(.text)
    _double_round                            0x08000763   Thumb Code    30  depilogue.o(.text)
    _double_epilogue                         0x08000781   Thumb Code   156  depilogue.o(.text)
    BSP_COM1_Init                            0x08000939   Thumb Code    34  stm324x9i_eval.o(i.BSP_COM1_Init)
    BSP_COM_Init                             0x08000965   Thumb Code   190  stm324x9i_eval.o(i.BSP_COM_Init)
    BSP_LED_On                               0x08000a31   Thumb Code    18  stm324x9i_eval.o(i.BSP_LED_On)
    BusFault_Handler                         0x08000a4d   Thumb Code     2  stm32f4xx_it.o(i.BusFault_Handler)
    DebugMon_Handler                         0x08000a4f   Thumb Code     2  stm32f4xx_it.o(i.DebugMon_Handler)
    Detect_obstacle                          0x08000a51   Thumb Code   230  main.o(i.Detect_obstacle)
    EXTI15_10_IRQHandler                     0x08000b5d   Thumb Code     8  stm32f4xx_it.o(i.EXTI15_10_IRQHandler)
    EXTI3_IRQHandler                         0x08000b65   Thumb Code     6  stm32f4xx_it.o(i.EXTI3_IRQHandler)
    EXTI4_IRQHandler                         0x08000b6b   Thumb Code     6  stm32f4xx_it.o(i.EXTI4_IRQHandler)
    EXTI9_5_IRQHandler                       0x08000b71   Thumb Code     6  stm32f4xx_it.o(i.EXTI9_5_IRQHandler)
    HAL_ADC_ConfigChannel                    0x08000be5   Thumb Code   282  stm32f4xx_hal_adc.o(i.HAL_ADC_ConfigChannel)
    HAL_ADC_GetValue                         0x08000d05   Thumb Code     6  stm32f4xx_hal_adc.o(i.HAL_ADC_GetValue)
    HAL_ADC_Init                             0x08000d0b   Thumb Code    52  stm32f4xx_hal_adc.o(i.HAL_ADC_Init)
    HAL_ADC_MspInit                          0x08000d41   Thumb Code   144  stm32f4xx_hal_msp.o(i.HAL_ADC_MspInit)
    HAL_ADC_PollForConversion                0x08000de5   Thumb Code    72  stm32f4xx_hal_adc.o(i.HAL_ADC_PollForConversion)
    HAL_ADC_Start                            0x08000e2d   Thumb Code   118  stm32f4xx_hal_adc.o(i.HAL_ADC_Start)
    HAL_GPIO_EXTI_Callback                   0x08000ea9   Thumb Code   130  main.o(i.HAL_GPIO_EXTI_Callback)
    HAL_GPIO_EXTI_IRQHandler                 0x08000f35   Thumb Code    18  stm32f4xx_hal_gpio.o(i.HAL_GPIO_EXTI_IRQHandler)
    HAL_GPIO_Init                            0x08000f4d   Thumb Code   496  stm32f4xx_hal_gpio.o(i.HAL_GPIO_Init)
    HAL_GPIO_ReadPin                         0x08001171   Thumb Code    10  stm32f4xx_hal_gpio.o(i.HAL_GPIO_ReadPin)
    HAL_GPIO_WritePin                        0x0800117b   Thumb Code    10  stm32f4xx_hal_gpio.o(i.HAL_GPIO_WritePin)
    HAL_GetTick                              0x08001185   Thumb Code     6  stm32f4xx_hal.o(i.HAL_GetTick)
    HAL_Init                                 0x08001191   Thumb Code    50  stm32f4xx_hal.o(i.HAL_Init)
    HAL_MspInit                              0x080011c9   Thumb Code     2  stm32f4xx_hal.o(i.HAL_MspInit)
    HAL_NVIC_EnableIRQ                       0x080011cb   Thumb Code    22  stm32f4xx_hal_cortex.o(i.HAL_NVIC_EnableIRQ)
    HAL_NVIC_SetPriority                     0x080011e1   Thumb Code    60  stm32f4xx_hal_cortex.o(i.HAL_NVIC_SetPriority)
    HAL_NVIC_SetPriorityGrouping             0x08001221   Thumb Code    26  stm32f4xx_hal_cortex.o(i.HAL_NVIC_SetPriorityGrouping)
    HAL_PWREx_ActivateOverDrive              0x08001245   Thumb Code    84  stm32f4xx_hal_pwr_ex.o(i.HAL_PWREx_ActivateOverDrive)
    HAL_RCC_ClockConfig                      0x080012a5   Thumb Code   422  stm32f4xx_hal_rcc.o(i.HAL_RCC_ClockConfig)
    HAL_RCC_GetHCLKFreq                      0x08001459   Thumb Code    38  stm32f4xx_hal_rcc.o(i.HAL_RCC_GetHCLKFreq)
    HAL_RCC_GetPCLK1Freq                     0x0800148d   Thumb Code    36  stm32f4xx_hal_rcc.o(i.HAL_RCC_GetPCLK1Freq)
    HAL_RCC_GetPCLK2Freq                     0x080014b9   Thumb Code    36  stm32f4xx_hal_rcc.o(i.HAL_RCC_GetPCLK2Freq)
    HAL_RCC_GetSysClockFreq                  0x080014e5   Thumb Code   120  stm32f4xx_hal_rcc.o(i.HAL_RCC_GetSysClockFreq)
    HAL_RCC_OscConfig                        0x08001569   Thumb Code   776  stm32f4xx_hal_rcc.o(i.HAL_RCC_OscConfig)
    HAL_SYSTICK_Config                       0x08001885   Thumb Code    40  stm32f4xx_hal_cortex.o(i.HAL_SYSTICK_Config)
    HAL_TIMEx_BreakCallback                  0x080018ad   Thumb Code     2  stm32f4xx_hal_tim_ex.o(i.HAL_TIMEx_BreakCallback)
    HAL_TIMEx_CommutationCallback            0x080018af   Thumb Code     2  stm32f4xx_hal_tim_ex.o(i.HAL_TIMEx_CommutationCallback)
    HAL_TIM_IC_CaptureCallback               0x080018b1   Thumb Code   322  main.o(i.HAL_TIM_IC_CaptureCallback)
    HAL_TIM_IC_ConfigChannel                 0x080019fd   Thumb Code   266  stm32f4xx_hal_tim.o(i.HAL_TIM_IC_ConfigChannel)
    HAL_TIM_IC_Init                          0x08001b07   Thumb Code    48  stm32f4xx_hal_tim.o(i.HAL_TIM_IC_Init)
    HAL_TIM_IC_MspInit                       0x08001b39   Thumb Code    88  stm32f4xx_hal_msp.o(i.HAL_TIM_IC_MspInit)
    HAL_TIM_IC_Start_IT                      0x08001b9d   Thumb Code    76  stm32f4xx_hal_tim.o(i.HAL_TIM_IC_Start_IT)
    HAL_TIM_IRQHandler                       0x08001be9   Thumb Code   378  stm32f4xx_hal_tim.o(i.HAL_TIM_IRQHandler)
    HAL_TIM_OC_DelayElapsedCallback          0x08001d63   Thumb Code     2  stm32f4xx_hal_tim.o(i.HAL_TIM_OC_DelayElapsedCallback)
    HAL_TIM_PWM_ConfigChannel                0x08001d65   Thumb Code   208  stm32f4xx_hal_tim.o(i.HAL_TIM_PWM_ConfigChannel)
    HAL_TIM_PWM_Init                         0x08001e35   Thumb Code    48  stm32f4xx_hal_tim.o(i.HAL_TIM_PWM_Init)
    HAL_TIM_PWM_MspInit                      0x08001e65   Thumb Code   148  stm32f4xx_hal_msp.o(i.HAL_TIM_PWM_MspInit)
    HAL_TIM_PWM_PulseFinishedCallback        0x08001f15   Thumb Code     2  stm32f4xx_hal_tim.o(i.HAL_TIM_PWM_PulseFinishedCallback)
    HAL_TIM_PWM_Start                        0x08001f19   Thumb Code    48  stm32f4xx_hal_tim.o(i.HAL_TIM_PWM_Start)
    HAL_TIM_PWM_Stop                         0x08001f51   Thumb Code    84  stm32f4xx_hal_tim.o(i.HAL_TIM_PWM_Stop)
    HAL_TIM_PeriodElapsedCallback            0x08001fad   Thumb Code     2  stm32f4xx_hal_tim.o(i.HAL_TIM_PeriodElapsedCallback)
    HAL_TIM_ReadCapturedValue                0x08001faf   Thumb Code    68  stm32f4xx_hal_tim.o(i.HAL_TIM_ReadCapturedValue)
    HAL_TIM_TriggerCallback                  0x08001ff3   Thumb Code     2  stm32f4xx_hal_tim.o(i.HAL_TIM_TriggerCallback)
    HAL_UART_Init                            0x08001ff5   Thumb Code    92  stm32f4xx_hal_uart.o(i.HAL_UART_Init)
    HAL_UART_MspInit                         0x08002051   Thumb Code     2  stm32f4xx_hal_uart.o(i.HAL_UART_MspInit)
    HAL_UART_Transmit                        0x08002055   Thumb Code   204  stm32f4xx_hal_uart.o(i.HAL_UART_Transmit)
    HardFault_Handler                        0x08002121   Thumb Code     2  stm32f4xx_it.o(i.HardFault_Handler)
    MemManage_Handler                        0x08002123   Thumb Code     2  stm32f4xx_it.o(i.MemManage_Handler)
    Motor_Forward                            0x08002125   Thumb Code    24  main.o(i.Motor_Forward)
    Motor_Left                               0x08002141   Thumb Code    24  main.o(i.Motor_Left)
    Motor_Right                              0x0800215d   Thumb Code    24  main.o(i.Motor_Right)
    Motor_Stop                               0x08002179   Thumb Code    42  main.o(i.Motor_Stop)
    Motor_control                            0x080021a9   Thumb Code   120  main.o(i.Motor_control)
    NMI_Handler                              0x08002239   Thumb Code     2  stm32f4xx_it.o(i.NMI_Handler)
    SysTick_Handler                          0x0800225b   Thumb Code     4  stm32f4xx_it.o(i.SysTick_Handler)
    SystemInit                               0x080022c9   Thumb Code    66  system_stm32f4xx.o(i.SystemInit)
    TIM3_IRQHandler                          0x0800231d   Thumb Code     6  stm32f4xx_it.o(i.TIM3_IRQHandler)
    TIM_Base_SetConfig                       0x08002329   Thumb Code   148  stm32f4xx_hal_tim.o(i.TIM_Base_SetConfig)
    TIM_CCxChannelCmd                        0x080023e9   Thumb Code    22  stm32f4xx_hal_tim.o(i.TIM_CCxChannelCmd)
    TIM_OC2_SetConfig                        0x08002459   Thumb Code    90  stm32f4xx_hal_tim.o(i.TIM_OC2_SetConfig)
    TIM_TI1_SetConfig                        0x0800256d   Thumb Code    98  stm32f4xx_hal_tim.o(i.TIM_TI1_SetConfig)
    UsageFault_Handler                       0x0800281b   Thumb Code     2  stm32f4xx_it.o(i.UsageFault_Handler)
    __0printf                                0x0800281d   Thumb Code    22  printfa.o(i.__0printf)
    __1printf                                0x0800281d   Thumb Code     0  printfa.o(i.__0printf)
    __2printf                                0x0800281d   Thumb Code     0  printfa.o(i.__0printf)
    __c89printf                              0x0800281d   Thumb Code     0  printfa.o(i.__0printf)
    printf                                   0x0800281d   Thumb Code     0  printfa.o(i.__0printf)
    __scatterload_copy                       0x0800283d   Thumb Code    14  handlers.o(i.__scatterload_copy)
    __scatterload_null                       0x0800284b   Thumb Code     2  handlers.o(i.__scatterload_null)
    __scatterload_zeroinit                   0x0800284d   Thumb Code    14  handlers.o(i.__scatterload_zeroinit)
    fputc                                    0x080030f1   Thumb Code    20  main.o(i.fputc)
    main                                     0x08003109   Thumb Code   664  main.o(i.main)
    osDelay                                  0x080033f9   Thumb Code    14  cmsis_os.o(i.osDelay)
    pvPortMalloc                             0x08003899   Thumb Code   140  heap_4.o(i.pvPortMalloc)
    pxPortInitialiseStack                    0x08003929   Thumb Code    36  port.o(i.pxPortInitialiseStack)
    turnLeft                                 0x08003951   Thumb Code    44  main.o(i.turnLeft)
    turnLeft_90                              0x08003981   Thumb Code    50  main.o(i.turnLeft_90)
    turnRight                                0x080039b9   Thumb Code    44  main.o(i.turnRight)
    turnRight_90                             0x080039e9   Thumb Code    50  main.o(i.turnRight_90)
    uxListRemove                             0x08003a21   Thumb Code    36  list.o(i.uxListRemove)
    vListInitialise                          0x08003a45   Thumb Code    22  list.o(i.vListInitialise)
    vListInitialiseItem                      0x08003a5b   Thumb Code     6  list.o(i.vListInitialiseItem)
    vListInsert                              0x08003a61   Thumb Code    48  list.o(i.vListInsert)
    vListInsertEnd                           0x08003a91   Thumb Code    24  list.o(i.vListInsertEnd)
    vPortEnterCritical                       0x08003aa9   Thumb Code    24  port.o(i.vPortEnterCritical)
    vPortExitCritical                        0x08003ac5   Thumb Code    16  port.o(i.vPortExitCritical)
    vPortFree                                0x08003ad9   Thumb Code    68  heap_4.o(i.vPortFree)
    vPortSetupTimerInterrupt                 0x08003b21   Thumb Code    26  port.o(i.vPortSetupTimerInterrupt)
    vPortValidateInterruptPriority           0x08003b41   Thumb Code    54  port.o(i.vPortValidateInterruptPriority)
    vPortYield                               0x08003b81   Thumb Code    18  port.o(i.vPortYield)
    vQueueWaitForMessageRestricted           0x08003b99   Thumb Code    56  queue.o(i.vQueueWaitForMessageRestricted)
    vTaskDelay                               0x08003bd1   Thumb Code    48  tasks.o(i.vTaskDelay)
    vTaskMissedYield                         0x08003c05   Thumb Code     8  tasks.o(i.vTaskMissedYield)
    vTaskPlaceOnEventList                    0x08003c11   Thumb Code    60  tasks.o(i.vTaskPlaceOnEventList)
    vTaskPlaceOnEventListRestricted          0x08003c55   Thumb Code    42  tasks.o(i.vTaskPlaceOnEventListRestricted)
    vTaskPriorityDisinherit                  0x08003c85   Thumb Code    64  tasks.o(i.vTaskPriorityDisinherit)
    vTaskPriorityInherit                     0x08003ccd   Thumb Code    92  tasks.o(i.vTaskPriorityInherit)
    vTaskSetTimeOutState                     0x08003d31   Thumb Code    22  tasks.o(i.vTaskSetTimeOutState)
    vTaskStartScheduler                      0x08003d4d   Thumb Code    68  tasks.o(i.vTaskStartScheduler)
    vTaskSuspendAll                          0x08003da1   Thumb Code    10  tasks.o(i.vTaskSuspendAll)
    vTaskSwitchContext                       0x08003db1   Thumb Code    84  tasks.o(i.vTaskSwitchContext)
    xPortStartScheduler                      0x08003e0d   Thumb Code   116  port.o(i.xPortStartScheduler)
    xPortSysTickHandler                      0x08003e91   Thumb Code    30  port.o(i.xPortSysTickHandler)
    xQueueGenericCreate                      0x08003eb5   Thumb Code    70  queue.o(i.xQueueGenericCreate)
    xQueueGenericReceive                     0x08003efd   Thumb Code   286  queue.o(i.xQueueGenericReceive)
    xQueueGenericReset                       0x0800401b   Thumb Code   106  queue.o(i.xQueueGenericReset)
    xQueueGenericSend                        0x08004085   Thumb Code   256  queue.o(i.xQueueGenericSend)
    xQueueGenericSendFromISR                 0x08004185   Thumb Code   140  queue.o(i.xQueueGenericSendFromISR)
    xTaskCheckForTimeOut                     0x08004211   Thumb Code    82  tasks.o(i.xTaskCheckForTimeOut)
    xTaskGenericCreate                       0x08004269   Thumb Code   372  tasks.o(i.xTaskGenericCreate)
    xTaskGetCurrentTaskHandle                0x080043e9   Thumb Code     6  tasks.o(i.xTaskGetCurrentTaskHandle)
    xTaskGetSchedulerState                   0x080043f5   Thumb Code    22  tasks.o(i.xTaskGetSchedulerState)
    xTaskGetTickCount                        0x08004411   Thumb Code    18  tasks.o(i.xTaskGetTickCount)
    xTaskIncrementTick                       0x08004429   Thumb Code   200  tasks.o(i.xTaskIncrementTick)
    xTaskRemoveFromEventList                 0x080044f9   Thumb Code    88  tasks.o(i.xTaskRemoveFromEventList)
    xTaskResumeAll                           0x0800455d   Thumb Code   158  tasks.o(i.xTaskResumeAll)
    xTimerCreateTimerTask                    0x08004605   Thumb Code    52  timers.o(i.xTimerCreateTimerTask)
    xTimerGenericCommand                     0x08004649   Thumb Code    66  timers.o(i.xTimerGenericCommand)
    COM_TX_PIN                               0x08004690   Data           4  stm324x9i_eval.o(.constdata)
    COM_RX_PIN                               0x08004694   Data           4  stm324x9i_eval.o(.constdata)
    COM_TX_AF                                0x08004698   Data           4  stm324x9i_eval.o(.constdata)
    COM_RX_AF                                0x0800469c   Data           4  stm324x9i_eval.o(.constdata)
    GPIO_PIN                                 0x080046a0   Data           8  stm324x9i_eval.o(.constdata)
    APBAHBPrescTable                         0x080046a8   Data          16  stm32f4xx_hal_rcc.o(.constdata)
    Region$$Table$$Base                      0x080046b8   Number         0  anon$$obj.o(Region$$Table)
    Region$$Table$$Limit                     0x080046d8   Number         0  anon$$obj.o(Region$$Table)
    COM_USART                                0x20000004   Data           8  stm324x9i_eval.o(.data)
    COM_TX_PORT                              0x2000000c   Data           8  stm324x9i_eval.o(.data)
    COM_RX_PORT                              0x20000014   Data           8  stm324x9i_eval.o(.data)
    GPIO_PORT                                0x2000001c   Data          16  stm324x9i_eval.o(.data)
    SystemCoreClock                          0x2000002c   Data           4  system_stm32f4xx.o(.data)
    AHBPrescTable                            0x20000030   Data          16  system_stm32f4xx.o(.data)
    encoder_right                            0x20000044   Data           1  main.o(.data)
    encoder_left                             0x20000045   Data           1  main.o(.data)
    motorInterrupt1                          0x20000046   Data           2  main.o(.data)
    motorInterrupt2                          0x20000048   Data           2  main.o(.data)
    uwPrescalerValue                         0x2000004c   Data           4  main.o(.data)
    uwIC2Value1                              0x20000050   Data           4  main.o(.data)
    uwIC2Value2                              0x20000054   Data           4  main.o(.data)
    uwDiffCapture1                           0x20000058   Data           4  main.o(.data)
    uwIC2Value3                              0x2000005c   Data           4  main.o(.data)
    uwIC2Value4                              0x20000060   Data           4  main.o(.data)
    uwDiffCapture2                           0x20000064   Data           4  main.o(.data)
    uwIC2Value5                              0x20000068   Data           4  main.o(.data)
    uwIC2Value6                              0x2000006c   Data           4  main.o(.data)
    uwDiffCapture3                           0x20000070   Data           4  main.o(.data)
    uwFrequency                              0x20000074   Data           4  main.o(.data)
    Defense                                  0x20000078   Data           4  main.o(.data)
    MoveStatus                               0x2000007c   Data           4  main.o(.data)
    uhADCxRight                              0x20000080   Data           4  main.o(.data)
    uhADCxLeft                               0x20000084   Data           4  main.o(.data)
    pxCurrentTCB                             0x20000088   Data           4  tasks.o(.data)
    __stdout                                 0x200000f0   Data           4  stdout.o(.data)
    UartHandle1                              0x200000f4   Data          60  stm324x9i_eval.o(.bss)
    UartHandle2                              0x20000130   Data          60  stm324x9i_eval.o(.bss)
    WIFI_UartHandle                          0x2000016c   Data          60  stm324x9i_eval.o(.bss)
    TimHandle1                               0x200001e0   Data          60  main.o(.bss)
    TimHandle2                               0x2000021c   Data          60  main.o(.bss)
    TimHandle3                               0x20000258   Data          60  main.o(.bss)
    TimHandle4                               0x20000294   Data          60  main.o(.bss)
    sICConfig                                0x200002d0   Data          16  main.o(.bss)
    sConfig1                                 0x200002e0   Data          28  main.o(.bss)
    sConfig2                                 0x200002fc   Data          28  main.o(.bss)
    sConfig3                                 0x20000318   Data          28  main.o(.bss)
    AdcHandle1                               0x20000334   Data          68  main.o(.bss)
    AdcHandle2                               0x20000378   Data          68  main.o(.bss)
    AdcHandle3                               0x200003bc   Data          68  main.o(.bss)
    adcConfig1                               0x20000400   Data          16  main.o(.bss)
    adcConfig2                               0x20000410   Data          16  main.o(.bss)
    adcConfig3                               0x20000420   Data          16  main.o(.bss)
    __initial_sp                             0x20006db0   Data           0  startup_stm32f429xx.o(STACK)



==============================================================================

Memory Map of the image

  Image Entry point : 0x080001ad

  Load Region LR_IROM1 (Base: 0x08000000, Size: 0x000047cc, Max: 0x00200000, ABSOLUTE)

    Execution Region ER_IROM1 (Base: 0x08000000, Size: 0x000046d8, Max: 0x00200000, ABSOLUTE)

    Base Addr    Size         Type   Attr      Idx    E Section Name        Object

    0x08000000   0x000001ac   Data   RO         3252    RESET               startup_stm32f429xx.o
    0x080001ac   0x00000000   Code   RO         4514  * .ARM.Collect$$$$00000000  mc_w.l(entry.o)
    0x080001ac   0x00000004   Code   RO         4789    .ARM.Collect$$$$00000001  mc_w.l(entry2.o)
    0x080001b0   0x00000004   Code   RO         4792    .ARM.Collect$$$$00000004  mc_w.l(entry5.o)
    0x080001b4   0x00000000   Code   RO         4794    .ARM.Collect$$$$00000008  mc_w.l(entry7b.o)
    0x080001b4   0x00000000   Code   RO         4796    .ARM.Collect$$$$0000000A  mc_w.l(entry8b.o)
    0x080001b4   0x00000008   Code   RO         4797    .ARM.Collect$$$$0000000B  mc_w.l(entry9a.o)
    0x080001bc   0x00000000   Code   RO         4799    .ARM.Collect$$$$0000000D  mc_w.l(entry10a.o)
    0x080001bc   0x00000000   Code   RO         4801    .ARM.Collect$$$$0000000F  mc_w.l(entry11a.o)
    0x080001bc   0x00000004   Code   RO         4790    .ARM.Collect$$$$00002712  mc_w.l(entry2.o)
    0x080001c0   0x000000ae   Code   RO         4440    .emb_text           port.o
    0x0800026e   0x00000002   PAD
    0x08000270   0x00000024   Code   RO         3253    .text               startup_stm32f429xx.o
    0x08000294   0x00000024   Code   RO         4520    .text               mc_w.l(memcpya.o)
    0x080002b8   0x00000024   Code   RO         4522    .text               mc_w.l(memseta.o)
    0x080002dc   0x0000002c   Code   RO         4803    .text               mc_w.l(uidiv.o)
    0x08000308   0x00000062   Code   RO         4805    .text               mc_w.l(uldiv.o)
    0x0800036a   0x00000000   Code   RO         4807    .text               mc_w.l(iusefp.o)
    0x0800036a   0x0000014e   Code   RO         4808    .text               mf_w.l(dadd.o)
    0x080004b8   0x000000e4   Code   RO         4810    .text               mf_w.l(dmul.o)
    0x0800059c   0x000000de   Code   RO         4812    .text               mf_w.l(ddiv.o)
    0x0800067a   0x00000030   Code   RO         4814    .text               mf_w.l(dfixul.o)
    0x080006aa   0x00000002   PAD
    0x080006ac   0x00000030   Code   RO         4816    .text               mf_w.l(cdrcmple.o)
    0x080006dc   0x00000024   Code   RO         4818    .text               mc_w.l(init.o)
    0x08000700   0x0000001e   Code   RO         4820    .text               mc_w.l(llshl.o)
    0x0800071e   0x00000020   Code   RO         4822    .text               mc_w.l(llushr.o)
    0x0800073e   0x00000024   Code   RO         4824    .text               mc_w.l(llsshr.o)
    0x08000762   0x000000ba   Code   RO         4826    .text               mf_w.l(depilogue.o)
    0x0800081c   0x0000011c   Code   RO         2963    i.ADC_Init          stm32f4xx_hal_adc.o
    0x08000938   0x0000002c   Code   RO          429    i.BSP_COM1_Init     stm324x9i_eval.o
    0x08000964   0x000000cc   Code   RO          431    i.BSP_COM_Init      stm324x9i_eval.o
    0x08000a30   0x0000001c   Code   RO          435    i.BSP_LED_On        stm324x9i_eval.o
    0x08000a4c   0x00000002   Code   RO         3496    i.BusFault_Handler  stm32f4xx_it.o
    0x08000a4e   0x00000002   Code   RO         3497    i.DebugMon_Handler  stm32f4xx_it.o
    0x08000a50   0x0000010c   Code   RO         3260    i.Detect_obstacle   main.o
    0x08000b5c   0x00000008   Code   RO         3498    i.EXTI15_10_IRQHandler  stm32f4xx_it.o
    0x08000b64   0x00000006   Code   RO         3499    i.EXTI3_IRQHandler  stm32f4xx_it.o
    0x08000b6a   0x00000006   Code   RO         3500    i.EXTI4_IRQHandler  stm32f4xx_it.o
    0x08000b70   0x00000006   Code   RO         3501    i.EXTI9_5_IRQHandler  stm32f4xx_it.o
    0x08000b76   0x00000002   PAD
    0x08000b78   0x0000006c   Code   RO         3261    i.EXTILine_Config   main.o
    0x08000be4   0x00000120   Code   RO         2965    i.HAL_ADC_ConfigChannel  stm32f4xx_hal_adc.o
    0x08000d04   0x00000006   Code   RO         2972    i.HAL_ADC_GetValue  stm32f4xx_hal_adc.o
    0x08000d0a   0x00000034   Code   RO         2974    i.HAL_ADC_Init      stm32f4xx_hal_adc.o
    0x08000d3e   0x00000002   PAD
    0x08000d40   0x000000a4   Code   RO         3449    i.HAL_ADC_MspInit   stm32f4xx_hal_msp.o
    0x08000de4   0x00000048   Code   RO         2978    i.HAL_ADC_PollForConversion  stm32f4xx_hal_adc.o
    0x08000e2c   0x0000007c   Code   RO         2980    i.HAL_ADC_Start     stm32f4xx_hal_adc.o
    0x08000ea8   0x0000008c   Code   RO         3262    i.HAL_GPIO_EXTI_Callback  main.o
    0x08000f34   0x00000018   Code   RO         1288    i.HAL_GPIO_EXTI_IRQHandler  stm32f4xx_hal_gpio.o
    0x08000f4c   0x00000224   Code   RO         1289    i.HAL_GPIO_Init     stm32f4xx_hal_gpio.o
    0x08001170   0x0000000a   Code   RO         1290    i.HAL_GPIO_ReadPin  stm32f4xx_hal_gpio.o
    0x0800117a   0x0000000a   Code   RO         1292    i.HAL_GPIO_WritePin  stm32f4xx_hal_gpio.o
    0x08001184   0x0000000c   Code   RO          926    i.HAL_GetTick       stm32f4xx_hal.o
    0x08001190   0x00000038   Code   RO          928    i.HAL_Init          stm32f4xx_hal.o
    0x080011c8   0x00000002   Code   RO          930    i.HAL_MspInit       stm32f4xx_hal.o
    0x080011ca   0x00000016   Code   RO         1053    i.HAL_NVIC_EnableIRQ  stm32f4xx_hal_cortex.o
    0x080011e0   0x00000040   Code   RO         1059    i.HAL_NVIC_SetPriority  stm32f4xx_hal_cortex.o
    0x08001220   0x00000024   Code   RO         1060    i.HAL_NVIC_SetPriorityGrouping  stm32f4xx_hal_cortex.o
    0x08001244   0x00000060   Code   RO         1648    i.HAL_PWREx_ActivateOverDrive  stm32f4xx_hal_pwr_ex.o
    0x080012a4   0x000001b4   Code   RO         1703    i.HAL_RCC_ClockConfig  stm32f4xx_hal_rcc.o
    0x08001458   0x00000034   Code   RO         1708    i.HAL_RCC_GetHCLKFreq  stm32f4xx_hal_rcc.o
    0x0800148c   0x0000002c   Code   RO         1710    i.HAL_RCC_GetPCLK1Freq  stm32f4xx_hal_rcc.o
    0x080014b8   0x0000002c   Code   RO         1711    i.HAL_RCC_GetPCLK2Freq  stm32f4xx_hal_rcc.o
    0x080014e4   0x00000084   Code   RO         1712    i.HAL_RCC_GetSysClockFreq  stm32f4xx_hal_rcc.o
    0x08001568   0x0000031c   Code   RO         1715    i.HAL_RCC_OscConfig  stm32f4xx_hal_rcc.o
    0x08001884   0x00000028   Code   RO         1064    i.HAL_SYSTICK_Config  stm32f4xx_hal_cortex.o
    0x080018ac   0x00000002   Code   RO         2449    i.HAL_TIMEx_BreakCallback  stm32f4xx_hal_tim_ex.o
    0x080018ae   0x00000002   Code   RO         2450    i.HAL_TIMEx_CommutationCallback  stm32f4xx_hal_tim_ex.o
    0x080018b0   0x0000014c   Code   RO         3263    i.HAL_TIM_IC_CaptureCallback  main.o
    0x080019fc   0x0000010a   Code   RO         1864    i.HAL_TIM_IC_ConfigChannel  stm32f4xx_hal_tim.o
    0x08001b06   0x00000030   Code   RO         1867    i.HAL_TIM_IC_Init   stm32f4xx_hal_tim.o
    0x08001b36   0x00000002   PAD
    0x08001b38   0x00000064   Code   RO         3451    i.HAL_TIM_IC_MspInit  stm32f4xx_hal_msp.o
    0x08001b9c   0x0000004c   Code   RO         1872    i.HAL_TIM_IC_Start_IT  stm32f4xx_hal_tim.o
    0x08001be8   0x0000017a   Code   RO         1876    i.HAL_TIM_IRQHandler  stm32f4xx_hal_tim.o
    0x08001d62   0x00000002   Code   RO         1879    i.HAL_TIM_OC_DelayElapsedCallback  stm32f4xx_hal_tim.o
    0x08001d64   0x000000d0   Code   RO         1900    i.HAL_TIM_PWM_ConfigChannel  stm32f4xx_hal_tim.o
    0x08001e34   0x00000030   Code   RO         1903    i.HAL_TIM_PWM_Init  stm32f4xx_hal_tim.o
    0x08001e64   0x000000b0   Code   RO         3452    i.HAL_TIM_PWM_MspInit  stm32f4xx_hal_msp.o
    0x08001f14   0x00000002   Code   RO         1906    i.HAL_TIM_PWM_PulseFinishedCallback  stm32f4xx_hal_tim.o
    0x08001f16   0x00000002   PAD
    0x08001f18   0x00000038   Code   RO         1907    i.HAL_TIM_PWM_Start  stm32f4xx_hal_tim.o
    0x08001f50   0x0000005c   Code   RO         1910    i.HAL_TIM_PWM_Stop  stm32f4xx_hal_tim.o
    0x08001fac   0x00000002   Code   RO         1913    i.HAL_TIM_PeriodElapsedCallback  stm32f4xx_hal_tim.o
    0x08001fae   0x00000044   Code   RO         1914    i.HAL_TIM_ReadCapturedValue  stm32f4xx_hal_tim.o
    0x08001ff2   0x00000002   Code   RO         1916    i.HAL_TIM_TriggerCallback  stm32f4xx_hal_tim.o
    0x08001ff4   0x0000005c   Code   RO         2704    i.HAL_UART_Init     stm32f4xx_hal_uart.o
    0x08002050   0x00000002   Code   RO         2706    i.HAL_UART_MspInit  stm32f4xx_hal_uart.o
    0x08002052   0x00000002   PAD
    0x08002054   0x000000cc   Code   RO         2713    i.HAL_UART_Transmit  stm32f4xx_hal_uart.o
    0x08002120   0x00000002   Code   RO         3502    i.HardFault_Handler  stm32f4xx_it.o
    0x08002122   0x00000002   Code   RO         3503    i.MemManage_Handler  stm32f4xx_it.o
    0x08002124   0x0000001c   Code   RO         3266    i.Motor_Forward     main.o
    0x08002140   0x0000001c   Code   RO         3267    i.Motor_Left        main.o
    0x0800215c   0x0000001c   Code   RO         3268    i.Motor_Right       main.o
    0x08002178   0x00000030   Code   RO         3271    i.Motor_Stop        main.o
    0x080021a8   0x00000090   Code   RO         3272    i.Motor_control     main.o
    0x08002238   0x00000002   Code   RO         3504    i.NMI_Handler       stm32f4xx_it.o
    0x0800223a   0x00000020   Code   RO         1066    i.NVIC_SetPriority  stm32f4xx_hal_cortex.o
    0x0800225a   0x00000004   Code   RO         3505    i.SysTick_Handler   stm32f4xx_it.o
    0x0800225e   0x00000002   PAD
    0x08002260   0x00000068   Code   RO         3273    i.SystemClock_Config  main.o
    0x080022c8   0x00000054   Code   RO          876    i.SystemInit        system_stm32f4xx.o
    0x0800231c   0x0000000c   Code   RO         3506    i.TIM3_IRQHandler   stm32f4xx_it.o
    0x08002328   0x000000c0   Code   RO         1917    i.TIM_Base_SetConfig  stm32f4xx_hal_tim.o
    0x080023e8   0x00000016   Code   RO         1918    i.TIM_CCxChannelCmd  stm32f4xx_hal_tim.o
    0x080023fe   0x00000002   PAD
    0x08002400   0x00000058   Code   RO         1923    i.TIM_OC1_SetConfig  stm32f4xx_hal_tim.o
    0x08002458   0x00000064   Code   RO         1924    i.TIM_OC2_SetConfig  stm32f4xx_hal_tim.o
    0x080024bc   0x00000060   Code   RO         1925    i.TIM_OC3_SetConfig  stm32f4xx_hal_tim.o
    0x0800251c   0x00000050   Code   RO         1926    i.TIM_OC4_SetConfig  stm32f4xx_hal_tim.o
    0x0800256c   0x00000080   Code   RO         1928    i.TIM_TI1_SetConfig  stm32f4xx_hal_tim.o
    0x080025ec   0x0000002c   Code   RO         1930    i.TIM_TI2_SetConfig  stm32f4xx_hal_tim.o
    0x08002618   0x00000178   Code   RO         2726    i.UART_SetConfig    stm32f4xx_hal_uart.o
    0x08002790   0x0000008a   Code   RO         2728    i.UART_WaitOnFlagUntilTimeout  stm32f4xx_hal_uart.o
    0x0800281a   0x00000002   Code   RO         3507    i.UsageFault_Handler  stm32f4xx_it.o
    0x0800281c   0x00000020   Code   RO         4761    i.__0printf         mc_w.l(printfa.o)
    0x0800283c   0x0000000e   Code   RO         4830    i.__scatterload_copy  mc_w.l(handlers.o)
    0x0800284a   0x00000002   Code   RO         4831    i.__scatterload_null  mc_w.l(handlers.o)
    0x0800284c   0x0000000e   Code   RO         4832    i.__scatterload_zeroinit  mc_w.l(handlers.o)
    0x0800285a   0x00000002   PAD
    0x0800285c   0x00000164   Code   RO         4768    i._fp_digits        mc_w.l(printfa.o)
    0x080029c0   0x000006dc   Code   RO         4769    i._printf_core      mc_w.l(printfa.o)
    0x0800309c   0x00000024   Code   RO         4770    i._printf_post_padding  mc_w.l(printfa.o)
    0x080030c0   0x0000002e   Code   RO         4771    i._printf_pre_padding  mc_w.l(printfa.o)
    0x080030ee   0x00000002   PAD
    0x080030f0   0x00000018   Code   RO         3274    i.fputc             main.o
    0x08003108   0x000002f0   Code   RO         3275    i.main              main.o
    0x080033f8   0x0000000e   Code   RO         4101    i.osDelay           cmsis_os.o
    0x08003406   0x00000002   PAD
    0x08003408   0x00000034   Code   RO         3798    i.prvAddCurrentTaskToDelayedList  tasks.o
    0x0800343c   0x00000040   Code   RO         4025    i.prvCheckForValidListAndQueue  timers.o
    0x0800347c   0x00000054   Code   RO         3799    i.prvCheckTasksWaitingTermination  tasks.o
    0x080034d0   0x00000028   Code   RO         3633    i.prvCopyDataFromQueue  queue.o
    0x080034f8   0x00000068   Code   RO         3634    i.prvCopyDataToQueue  queue.o
    0x08003560   0x00000048   Code   RO         4397    i.prvHeapInit       heap_4.o
    0x080035a8   0x00000018   Code   RO         3800    i.prvIdleTask       tasks.o
    0x080035c0   0x0000004c   Code   RO         4398    i.prvInsertBlockIntoFreeList  heap_4.o
    0x0800360c   0x00000038   Code   RO         4026    i.prvInsertTimerInActiveList  timers.o
    0x08003644   0x000000a0   Code   RO         4027    i.prvProcessReceivedCommands  timers.o
    0x080036e4   0x0000008c   Code   RO         4028    i.prvProcessTimerOrBlockTask  timers.o
    0x08003770   0x00000028   Code   RO         4029    i.prvSampleTimeNow  timers.o
    0x08003798   0x00000060   Code   RO         4030    i.prvSwitchTimerLists  timers.o
    0x080037f8   0x00000018   Code   RO         4441    i.prvTaskExitError  port.o
    0x08003810   0x00000024   Code   RO         4031    i.prvTimerTask      timers.o
    0x08003834   0x00000064   Code   RO         3635    i.prvUnlockQueue    queue.o
    0x08003898   0x00000090   Code   RO         4399    i.pvPortMalloc      heap_4.o
    0x08003928   0x00000028   Code   RO         4442    i.pxPortInitialiseStack  port.o
    0x08003950   0x00000030   Code   RO         3276    i.turnLeft          main.o
    0x08003980   0x00000038   Code   RO         3277    i.turnLeft_90       main.o
    0x080039b8   0x00000030   Code   RO         3278    i.turnRight         main.o
    0x080039e8   0x00000038   Code   RO         3279    i.turnRight_90      main.o
    0x08003a20   0x00000024   Code   RO         3587    i.uxListRemove      list.o
    0x08003a44   0x00000016   Code   RO         3588    i.vListInitialise   list.o
    0x08003a5a   0x00000006   Code   RO         3589    i.vListInitialiseItem  list.o
    0x08003a60   0x00000030   Code   RO         3590    i.vListInsert       list.o
    0x08003a90   0x00000018   Code   RO         3591    i.vListInsertEnd    list.o
    0x08003aa8   0x0000001c   Code   RO         4444    i.vPortEnterCritical  port.o
    0x08003ac4   0x00000014   Code   RO         4445    i.vPortExitCritical  port.o
    0x08003ad8   0x00000048   Code   RO         4400    i.vPortFree         heap_4.o
    0x08003b20   0x00000020   Code   RO         4446    i.vPortSetupTimerInterrupt  port.o
    0x08003b40   0x00000040   Code   RO         4447    i.vPortValidateInterruptPriority  port.o
    0x08003b80   0x00000018   Code   RO         4448    i.vPortYield        port.o
    0x08003b98   0x00000038   Code   RO         3645    i.vQueueWaitForMessageRestricted  queue.o
    0x08003bd0   0x00000034   Code   RO         3806    i.vTaskDelay        tasks.o
    0x08003c04   0x0000000c   Code   RO         3810    i.vTaskMissedYield  tasks.o
    0x08003c10   0x00000044   Code   RO         3811    i.vTaskPlaceOnEventList  tasks.o
    0x08003c54   0x00000030   Code   RO         3812    i.vTaskPlaceOnEventListRestricted  tasks.o
    0x08003c84   0x00000048   Code   RO         3813    i.vTaskPriorityDisinherit  tasks.o
    0x08003ccc   0x00000064   Code   RO         3814    i.vTaskPriorityInherit  tasks.o
    0x08003d30   0x0000001c   Code   RO         3818    i.vTaskSetTimeOutState  tasks.o
    0x08003d4c   0x00000054   Code   RO         3819    i.vTaskStartScheduler  tasks.o
    0x08003da0   0x00000010   Code   RO         3821    i.vTaskSuspendAll   tasks.o
    0x08003db0   0x0000005c   Code   RO         3822    i.vTaskSwitchContext  tasks.o
    0x08003e0c   0x00000084   Code   RO         4449    i.xPortStartScheduler  port.o
    0x08003e90   0x00000024   Code   RO         4450    i.xPortSysTickHandler  port.o
    0x08003eb4   0x00000046   Code   RO         3648    i.xQueueGenericCreate  queue.o
    0x08003efa   0x00000002   PAD
    0x08003efc   0x0000011e   Code   RO         3649    i.xQueueGenericReceive  queue.o
    0x0800401a   0x0000006a   Code   RO         3650    i.xQueueGenericReset  queue.o
    0x08004084   0x00000100   Code   RO         3651    i.xQueueGenericSend  queue.o
    0x08004184   0x0000008c   Code   RO         3652    i.xQueueGenericSendFromISR  queue.o
    0x08004210   0x00000058   Code   RO         3823    i.xTaskCheckForTimeOut  tasks.o
    0x08004268   0x00000180   Code   RO         3824    i.xTaskGenericCreate  tasks.o
    0x080043e8   0x0000000c   Code   RO         3825    i.xTaskGetCurrentTaskHandle  tasks.o
    0x080043f4   0x0000001c   Code   RO         3826    i.xTaskGetSchedulerState  tasks.o
    0x08004410   0x00000018   Code   RO         3827    i.xTaskGetTickCount  tasks.o
    0x08004428   0x000000d0   Code   RO         3829    i.xTaskIncrementTick  tasks.o
    0x080044f8   0x00000064   Code   RO         3831    i.xTaskRemoveFromEventList  tasks.o
    0x0800455c   0x000000a8   Code   RO         3832    i.xTaskResumeAll    tasks.o
    0x08004604   0x00000044   Code   RO         4034    i.xTimerCreateTimerTask  timers.o
    0x08004648   0x00000048   Code   RO         4035    i.xTimerGenericCommand  timers.o
    0x08004690   0x00000018   Data   RO          467    .constdata          stm324x9i_eval.o
    0x080046a8   0x00000010   Data   RO         1716    .constdata          stm32f4xx_hal_rcc.o
    0x080046b8   0x00000020   Data   RO         4828    Region$$Table       anon$$obj.o


    Execution Region RW_IRAM1 (Base: 0x20000000, Size: 0x00006db0, Max: 0x00030000, ABSOLUTE)

    Base Addr    Size         Type   Attr      Idx    E Section Name        Object

    0x20000000   0x0000002c   Data   RW          468    .data               stm324x9i_eval.o
    0x2000002c   0x00000014   Data   RW          877    .data               system_stm32f4xx.o
    0x20000040   0x00000004   Data   RW          931    .data               stm32f4xx_hal.o
    0x20000044   0x00000044   Data   RW         3283    .data               main.o
    0x20000088   0x00000038   Data   RW         3835    .data               tasks.o
    0x200000c0   0x00000010   Data   RW         4038    .data               timers.o
    0x200000d0   0x00000014   Data   RW         4404    .data               heap_4.o
    0x200000e4   0x0000000c   Data   RW         4451    .data               port.o
    0x200000f0   0x00000004   Data   RW         4519    .data               mc_w.l(stdout.o)
    0x200000f4   0x000000ec   Zero   RW          466    .bss                stm324x9i_eval.o
    0x200001e0   0x00000250   Zero   RW         3280    .bss                main.o
    0x20000430   0x00000154   Zero   RW         3834    .bss                tasks.o
    0x20000584   0x00000028   Zero   RW         4037    .bss                timers.o
    0x200005ac   0x00006400   Zero   RW         4403    .bss                heap_4.o
    0x200069ac   0x00000004   PAD
    0x200069b0   0x00000400   Zero   RW         3250    STACK               startup_stm32f429xx.o


==============================================================================

Image component sizes


      Code (inc. data)   RO Data    RW Data    ZI Data      Debug   Object Name

        14          0          0          0          0       5316   cmsis_os.o
       364         20          0         20      25600       4479   heap_4.o
       136          0          0          0          0       5190   list.o
      2212        236          0         68        592      30668   main.o
       574         76          0         12          0       9574   port.o
      1158          0          0          0          0      10766   queue.o
        36          8        428          0       1024        820   startup_stm32f429xx.o
       276         34         24         44        236     376200   stm324x9i_eval.o
        70         12          0          4          0       3039   stm32f4xx_hal.o
       826         24          0          0          0       5018   stm32f4xx_hal_adc.o
       194         14          0          0          0      30531   stm32f4xx_hal_cortex.o
       592         58          0          0          0       4686   stm32f4xx_hal_gpio.o
       440         60          0          0          0       2385   stm32f4xx_hal_msp.o
        96         12          0          0          0        754   stm32f4xx_hal_pwr_ex.o
      1504         76         16          0          0      32982   stm32f4xx_hal_rcc.o
      1998        126          0          0          0      17383   stm32f4xx_hal_tim.o
         4          0          0          0          0       1690   stm32f4xx_hal_tim_ex.o
       812         10          0          0          0       4859   stm32f4xx_hal_uart.o
        54          6          0          0          0       5659   stm32f4xx_it.o
         0          0          0          0          0       4500   stmpe1600.o
        84         18          0         20          0       1153   system_stm32f4xx.o
      1744        156          0         56        340      20399   tasks.o
       732         58          0         16         40       8671   timers.o

    ----------------------------------------------------------------------
     13940       1004        500        240      27836     586722   Object Totals
         0          0         32          0          0          0   (incl. Generated)
        20          0          0          0          4          0   (incl. Padding)

    ----------------------------------------------------------------------

      Code (inc. data)   RO Data    RW Data    ZI Data      Debug   Library Member Name

         0          0          0          0          0          0   entry.o
         0          0          0          0          0          0   entry10a.o
         0          0          0          0          0          0   entry11a.o
         8          4          0          0          0          0   entry2.o
         4          0          0          0          0          0   entry5.o
         0          0          0          0          0          0   entry7b.o
         0          0          0          0          0          0   entry8b.o
         8          4          0          0          0          0   entry9a.o
        30          0          0          0          0          0   handlers.o
        36          8          0          0          0         68   init.o
         0          0          0          0          0          0   iusefp.o
        30          0          0          0          0         68   llshl.o
        36          0          0          0          0         68   llsshr.o
        32          0          0          0          0         68   llushr.o
        36          0          0          0          0         68   memcpya.o
        36          0          0          0          0        108   memseta.o
      2226         90          0          0          0        444   printfa.o
         0          0          0          4          0          0   stdout.o
        44          0          0          0          0         80   uidiv.o
        98          0          0          0          0         92   uldiv.o
        48          0          0          0          0         68   cdrcmple.o
       334          0          0          0          0        148   dadd.o
       222          0          0          0          0        100   ddiv.o
       186          0          0          0          0        176   depilogue.o
        48          0          0          0          0         68   dfixul.o
       228          0          0          0          0         96   dmul.o

    ----------------------------------------------------------------------
      3696        106          0          4          0       1720   Library Totals
         6          0          0          0          0          0   (incl. Padding)

    ----------------------------------------------------------------------

      Code (inc. data)   RO Data    RW Data    ZI Data      Debug   Library Name

      2624        106          0          4          0       1064   mc_w.l
      1066          0          0          0          0        656   mf_w.l

    ----------------------------------------------------------------------
      3696        106          0          4          0       1720   Library Totals

    ----------------------------------------------------------------------

==============================================================================


      Code (inc. data)   RO Data    RW Data    ZI Data      Debug   

     17636       1110        500        244      27836     573762   Grand Totals
     17636       1110        500        244      27836     573762   ELF Image Totals
     17636       1110        500        244          0          0   ROM Totals

==============================================================================

    Total RO  Size (Code + RO Data)                18136 (  17.71kB)
    Total RW  Size (RW Data + ZI Data)             28080 (  27.42kB)
    Total ROM Size (Code + RO Data + RW Data)      18380 (  17.95kB)

==============================================================================

